Archive member included to satisfy reference by file (symbol)

.\CortexM3\ARM_GCC_541\Debug\BCom0.3.a(UART.o)
                              .\CortexM3\ARM_GCC_541\Debug\main.o (UART_Start)
.\CortexM3\ARM_GCC_541\Debug\BCom0.3.a(UART_IntClock.o)
                              .\CortexM3\ARM_GCC_541\Debug\BCom0.3.a(UART.o) (UART_IntClock_Start)
.\CortexM3\ARM_GCC_541\Debug\BCom0.3.a(CyLib.o)
                              .\CortexM3\ARM_GCC_541\Debug\Cm3Start.o (CyHalt)
.\CortexM3\ARM_GCC_541\Debug\BCom0.3.a(cyPm.o)
                              .\CortexM3\ARM_GCC_541\Debug\BCom0.3.a(CyLib.o) (CyPmReadStatus)
.\CortexM3\ARM_GCC_541\Debug\BCom0.3.a(isr_rx.o)
                              .\CortexM3\ARM_GCC_541\Debug\main.o (isr_rx_StartEx)
.\CortexM3\ARM_GCC_541\Debug\BCom0.3.a(StatusLed.o)
                              .\CortexM3\ARM_GCC_541\Debug\main.o (StatusLed_Write)
.\CortexM3\ARM_GCC_541\Debug\BCom0.3.a(Button.o)
                              .\CortexM3\ARM_GCC_541\Debug\main.o (Button_Read)
.\CortexM3\ARM_GCC_541\Debug\BCom0.3.a(BCom_1_BCom.o)
                              .\CortexM3\ARM_GCC_541\Debug\main.o (Transport)
.\CortexM3\ARM_GCC_541\Debug\BCom0.3.a(StripLights.o)
                              .\CortexM3\ARM_GCC_541\Debug\main.o (StripLights_MemClear)
.\CortexM3\ARM_GCC_541\Debug\BCom0.3.a(StripLights_fonts.o)
                              .\CortexM3\ARM_GCC_541\Debug\BCom0.3.a(StripLights.o) (StripLights_SetFont)
.\CortexM3\ARM_GCC_541\Debug\BCom0.3.a(StripLights_fisr.o)
                              .\CortexM3\ARM_GCC_541\Debug\BCom0.3.a(StripLights.o) (StripLights_fisr_StartEx)
.\CortexM3\ARM_GCC_541\Debug\BCom0.3.a(StripLights_cisr.o)
                              .\CortexM3\ARM_GCC_541\Debug\BCom0.3.a(StripLights.o) (StripLights_cisr_StartEx)
.\CortexM3\ARM_GCC_541\Debug\BCom0.3.a(CyBootAsmGnu.o)
                              .\CortexM3\ARM_GCC_541\Debug\cyfitter_cfg.o (CyDelayCycles)
.\CortexM3\ARM_GCC_541\Debug\BCom0.3.a(CyFlash.o)
                              .\CortexM3\ARM_GCC_541\Debug\BCom0.3.a(cyPm.o) (CyFlash_SetWaitCycles)
.\CortexM3\ARM_GCC_541\Debug\BCom0.3.a(CySpc.o)
                              .\CortexM3\ARM_GCC_541\Debug\BCom0.3.a(CyFlash.o) (CySpcStart)
.\CortexM3\ARM_GCC_541\Debug\BCom0.3.a(BCom_1_base64.o)
                              .\CortexM3\ARM_GCC_541\Debug\BCom0.3.a(BCom_1_BCom.o) (b64_encode)
.\CortexM3\ARM_GCC_541\Debug\BCom0.3.a(BCom_1_CRC16.o)
                              .\CortexM3\ARM_GCC_541\Debug\BCom0.3.a(BCom_1_BCom.o) (crc_16)
c:/program files (x86)/cypress/psoc creator/4.2/psoc creator/import/gnu/arm/5.4.1/bin/../lib/gcc/arm-none-eabi/5.4.1/armv7-m\libgcc.a(_arm_addsubdf3.o)
                              .\CortexM3\ARM_GCC_541\Debug\BCom0.3.a(StripLights.o) (__aeabi_f2d)
c:/program files (x86)/cypress/psoc creator/4.2/psoc creator/import/gnu/arm/5.4.1/bin/../lib/gcc/arm-none-eabi/5.4.1/armv7-m\libgcc.a(_arm_addsubsf3.o)
                              .\CortexM3\ARM_GCC_541\Debug\BCom0.3.a(StripLights.o) (__aeabi_fsub)
c:/program files (x86)/cypress/psoc creator/4.2/psoc creator/import/gnu/arm/5.4.1/bin/../lib/gcc/arm-none-eabi/5.4.1/armv7-m\libgcc.a(_arm_muldivsf3.o)
                              .\CortexM3\ARM_GCC_541\Debug\BCom0.3.a(StripLights.o) (__aeabi_fmul)
c:/program files (x86)/cypress/psoc creator/4.2/psoc creator/import/gnu/arm/5.4.1/bin/../lib/gcc/arm-none-eabi/5.4.1/armv7-m\libgcc.a(_arm_cmpsf2.o)
                              .\CortexM3\ARM_GCC_541\Debug\BCom0.3.a(StripLights.o) (__aeabi_fcmpeq)
c:/program files (x86)/cypress/psoc creator/4.2/psoc creator/import/gnu/arm/5.4.1/bin/../lib/gcc/arm-none-eabi/5.4.1/armv7-m\libgcc.a(_arm_fixsfsi.o)
                              .\CortexM3\ARM_GCC_541\Debug\BCom0.3.a(StripLights.o) (__aeabi_f2iz)
c:/program files (x86)/cypress/psoc creator/4.2/psoc creator/import/gnu/arm/5.4.1/bin/../lib/gcc/arm-none-eabi/5.4.1/../../../../arm-none-eabi/lib/armv7-m\libg_nano.a(lib_a-errno.o)
                              .\CortexM3\ARM_GCC_541\Debug\Cm3Start.o (__errno)
c:/program files (x86)/cypress/psoc creator/4.2/psoc creator/import/gnu/arm/5.4.1/bin/../lib/gcc/arm-none-eabi/5.4.1/../../../../arm-none-eabi/lib/armv7-m\libg_nano.a(lib_a-exit.o)
                              c:/program files (x86)/cypress/psoc creator/4.2/psoc creator/import/gnu/arm/5.4.1/bin/../lib/gcc/arm-none-eabi/5.4.1/../../../../arm-none-eabi/lib/armv7-m/crt0.o (exit)
c:/program files (x86)/cypress/psoc creator/4.2/psoc creator/import/gnu/arm/5.4.1/bin/../lib/gcc/arm-none-eabi/5.4.1/../../../../arm-none-eabi/lib/armv7-m\libg_nano.a(lib_a-impure.o)
                              c:/program files (x86)/cypress/psoc creator/4.2/psoc creator/import/gnu/arm/5.4.1/bin/../lib/gcc/arm-none-eabi/5.4.1/../../../../arm-none-eabi/lib/armv7-m\libg_nano.a(lib_a-exit.o) (_global_impure_ptr)
[...]
Memory Configuration

Name             Origin             Length             Attributes
rom              0x00000000         0x00040000         xr
ram              0x1fff8000         0x00010000         xrw
*default*        0x00000000         0xffffffff

Linker script and memory map

LOAD c:/program files (x86)/cypress/psoc creator/4.2/psoc creator/import/gnu/arm/5.4.1/bin/../lib/gcc/arm-none-eabi/5.4.1/armv7-m/crti.o
LOAD c:/program files (x86)/cypress/psoc creator/4.2/psoc creator/import/gnu/arm/5.4.1/bin/../lib/gcc/arm-none-eabi/5.4.1/armv7-m/crtbegin.o
LOAD c:/program files (x86)/cypress/psoc creator/4.2/psoc creator/import/gnu/arm/5.4.1/bin/../lib/gcc/arm-none-eabi/5.4.1/../../../../arm-none-eabi/lib/armv7-m/crt0.o
START GROUP
LOAD .\CortexM3\ARM_GCC_541\Debug\main.o
LOAD .\CortexM3\ARM_GCC_541\Debug\debug.o
LOAD .\CortexM3\ARM_GCC_541\Debug\cyfitter_cfg.o
LOAD .\CortexM3\ARM_GCC_541\Debug\cymetadata.o
LOAD .\CortexM3\ARM_GCC_541\Debug\Cm3Start.o
LOAD .\CortexM3\ARM_GCC_541\Debug\BCom0.3.a
LOAD C:\Program Files (x86)\Cypress\PSoC Creator\4.2\PSoC Creator\psoc\content\cycomponentlibrary\CyComponentLibrary.cylib\CortexM3\ARM_GCC_541\Debug\CyComponentLibrary.a
LOAD c:/program files (x86)/cypress/psoc creator/4.2/psoc creator/import/gnu/arm/5.4.1/bin/../lib/gcc/arm-none-eabi/5.4.1/../../../../arm-none-eabi/lib/armv7-m\libm.a
END GROUP
START GROUP
LOAD c:/program files (x86)/cypress/psoc creator/4.2/psoc creator/import/gnu/arm/5.4.1/bin/../lib/gcc/arm-none-eabi/5.4.1/armv7-m\libgcc.a
LOAD c:/program files (x86)/cypress/psoc creator/4.2/psoc creator/import/gnu/arm/5.4.1/bin/../lib/gcc/arm-none-eabi/5.4.1/../../../../arm-none-eabi/lib/armv7-m\libg_nano.a
LOAD c:/program files (x86)/cypress/psoc creator/4.2/psoc creator/import/gnu/arm/5.4.1/bin/../lib/gcc/arm-none-eabi/5.4.1/../../../../arm-none-eabi/lib/armv7-m\libc_nano.a
END GROUP
START GROUP
LOAD c:/program files (x86)/cypress/psoc creator/4.2/psoc creator/import/gnu/arm/5.4.1/bin/../lib/gcc/arm-none-eabi/5.4.1/armv7-m\libgcc.a
LOAD c:/program files (x86)/cypress/psoc creator/4.2/psoc creator/import/gnu/arm/5.4.1/bin/../lib/gcc/arm-none-eabi/5.4.1/../../../../arm-none-eabi/lib/armv7-m\libc_nano.a
END GROUP
LOAD c:/program files (x86)/cypress/psoc creator/4.2/psoc creator/import/gnu/arm/5.4.1/bin/../lib/gcc/arm-none-eabi/5.4.1/armv7-m/crtend.o
LOAD c:/program files (x86)/cypress/psoc creator/4.2/psoc creator/import/gnu/arm/5.4.1/bin/../lib/gcc/arm-none-eabi/5.4.1/armv7-m/crtn.o
START GROUP
LOAD c:/program files (x86)/cypress/psoc creator/4.2/psoc creator/import/gnu/arm/5.4.1/bin/../lib/gcc/arm-none-eabi/5.4.1/armv7-m\libgcc.a
LOAD c:/program files (x86)/cypress/psoc creator/4.2/psoc creator/import/gnu/arm/5.4.1/bin/../lib/gcc/arm-none-eabi/5.4.1/../../../../arm-none-eabi/lib/armv7-m\libc.a
LOAD c:/program files (x86)/cypress/psoc creator/4.2/psoc creator/import/gnu/arm/5.4.1/bin/../lib/gcc/arm-none-eabi/5.4.1/../../../../arm-none-eabi/lib/armv7-m\libnosys.a
END GROUP
                0x00000000                CY_APPL_ORIGIN = 0x0
                0x00000100                CY_FLASH_ROW_SIZE = 0x100
                0x00000020                CY_ECC_ROW_SIZE = 0x20
                0x00000000                CY_EE_IN_BTLDR = 0x0
                0x00000000                CY_APPL_LOADABLE = 0x0
                0x00000800                CY_EE_SIZE = 0x800
                0x00000001                CY_APPL_NUM = 0x1
                0x00000001                CY_APPL_MAX = 0x1
                0x00000040                CY_METADATA_SIZE = 0x40
                0x00000000                CY_APPL_LOADABLE = 0x0
                0x00000000                CY_CHECKSUM_EXCLUDE_SIZE = ALIGN (0x0, CY_FLASH_ROW_SIZE)
                [!provide]                PROVIDE (__cy_heap_start, _end)
                0x00000001                PROVIDE (__cy_region_num, ((__cy_regions_end - __cy_regions) / 0x10))
                0x20008000                PROVIDE (__cy_stack, (ORIGIN (ram) + LENGTH (ram)))
                [!provide]                PROVIDE (__cy_heap_end, (__cy_stack - 0x800))

.cybootloader   0x00000000        0x0
 *(.cybootloader)
                0x00000000                appl1_start = CY_APPL_ORIGIN?CY_APPL_ORIGIN:ALIGN (CY_FLASH_ROW_SIZE)
                0x0001ff00                appl2_start = (appl1_start + ALIGN ((((LENGTH (rom) - appl1_start) - (0x2 * CY_FLASH_ROW_SIZE)) / 0x2), CY_FLASH_ROW_SIZE))
                0x00000000                appl_start = (CY_APPL_NUM == 0x1)?appl1_start:appl2_start
                0x00000000                ecc_offset = ((appl_start / CY_FLASH_ROW_SIZE) * CY_ECC_ROW_SIZE)
                0x00000000                ee_offset = (CY_APPL_LOADABLE && ! (CY_EE_IN_BTLDR))?((CY_EE_SIZE / CY_APPL_MAX) * (CY_APPL_NUM - 0x1)):0x0
                0x00000800                ee_size = (CY_APPL_LOADABLE && ! (CY_EE_IN_BTLDR))?(CY_EE_SIZE / CY_APPL_MAX):CY_EE_SIZE
                [!provide]                PROVIDE (CY_ECC_OFFSET, ecc_offset)

.text           0x00000000     0x3338
 CREATE_OBJECT_SYMBOLS
                0x00000000                PROVIDE (__cy_interrupt_vector, RomVectors)
 *(.romvectors)
 .romvectors    0x00000000       0x10 .\CortexM3\ARM_GCC_541\Debug\Cm3Start.o
                0x00000000                RomVectors
                0x00000001                ASSERT ((. != __cy_interrupt_vector), No interrupt vector)
                0x00000001                ASSERT (CY_APPL_ORIGIN?(SIZEOF (.cybootloader) <= CY_APPL_ORIGIN):0x1, Wrong image location)
                0x00000010                PROVIDE (__cy_reset, Reset)
 *(.text.Reset)
 .text.Reset    0x00000010       0x18 .\CortexM3\ARM_GCC_541\Debug\Cm3Start.o
                0x00000010                Reset
                0x00000001                ASSERT ((. != __cy_reset), No reset code)
 *(.dma_init)
                0x00000001                ASSERT ((((appl_start + .) <= 0x10000) || 0x1), DMA Init must be within the first 64k of flash)
 *(.text .text.* .gnu.linkonce.t.*)
 .text          0x00000028       0x5c c:/program files (x86)/cypress/psoc creator/4.2/psoc creator/import/gnu/arm/5.4.1/bin/../lib/gcc/arm-none-eabi/5.4.1/armv7-m/crtbegin.o
 .text.updateString
                0x00000084        0x4 .\CortexM3\ARM_GCC_541\Debug\main.o
                0x00000084                updateString
 .text.RxIsr    0x00000088       0x68 .\CortexM3\ARM_GCC_541\Debug\main.o
                0x00000088                RxIsr
 .text.Port_10  0x000000f0       0x7c .\CortexM3\ARM_GCC_541\Debug\main.o
                0x000000f0                Port_10
 .text.setup    0x0000016c       0x38 .\CortexM3\ARM_GCC_541\Debug\main.o
                0x0000016c                setup
 .text.main     0x000001a4      0x144 .\CortexM3\ARM_GCC_541\Debug\main.o
                0x000001a4                main
 .text.CyClockStartupError
                0x000002e8        0x4 .\CortexM3\ARM_GCC_541\Debug\cyfitter_cfg.o
 .text.cfg_write_bytes32
                0x000002ec       0x34 .\CortexM3\ARM_GCC_541\Debug\cyfitter_cfg.o
 .text.AnalogSetDefault
                0x00000320       0x28 .\CortexM3\ARM_GCC_541\Debug\cyfitter_cfg.o
 .text.CYMEMZERO
                0x00000348        0xc .\CortexM3\ARM_GCC_541\Debug\cyfitter_cfg.o
 .text.ClockSetup
                0x00000354       0xc0 .\CortexM3\ARM_GCC_541\Debug\cyfitter_cfg.o
 .text.CYCONFIGCPY
                0x00000414        0x8 .\CortexM3\ARM_GCC_541\Debug\cyfitter_cfg.o
 .text.cyfitter_cfg
                0x0000041c      0x120 .\CortexM3\ARM_GCC_541\Debug\cyfitter_cfg.o
                0x0000041c                cyfitter_cfg
 .text.IntDefaultHandler
                0x0000053c       0x10 .\CortexM3\ARM_GCC_541\Debug\Cm3Start.o
                0x0000053c                IntDefaultHandler
 .text._sbrk    0x0000054c       0x30 .\CortexM3\ARM_GCC_541\Debug\Cm3Start.o
                0x0000054c                _sbrk
 .text.Start_c  0x0000057c       0x4c .\CortexM3\ARM_GCC_541\Debug\Cm3Start.o
                0x0000057c                Start_c
 .text.initialize_psoc
                0x000005c8       0x68 .\CortexM3\ARM_GCC_541\Debug\Cm3Start.o
                0x000005c8                initialize_psoc
 .text.UART_Init
                0x00000630       0x28 .\CortexM3\ARM_GCC_541\Debug\BCom0.3.a(UART.o)
                0x00000630                UART_Init
 .text.UART_Enable
                0x00000658       0x3c .\CortexM3\ARM_GCC_541\Debug\BCom0.3.a(UART.o)
                0x00000658                UART_Enable
 .text.UART_Start
                0x00000694       0x1c .\CortexM3\ARM_GCC_541\Debug\BCom0.3.a(UART.o)
                0x00000694                UART_Start
 .text.UART_Stop
                0x000006b0       0x3c .\CortexM3\ARM_GCC_541\Debug\BCom0.3.a(UART.o)
                0x000006b0                UART_Stop
 .text.UART_ReadRxData
                0x000006ec        0xc .\CortexM3\ARM_GCC_541\Debug\BCom0.3.a(UART.o)
                0x000006ec                UART_ReadRxData
 .text.UART_ReadRxStatus
                0x000006f8       0x10 .\CortexM3\ARM_GCC_541\Debug\BCom0.3.a(UART.o)
                0x000006f8                UART_ReadRxStatus
 .text.UART_GetByte
                0x00000708       0x14 .\CortexM3\ARM_GCC_541\Debug\BCom0.3.a(UART.o)
                0x00000708                UART_GetByte
 .text.UART_GetRxBufferSize
                0x0000071c       0x18 .\CortexM3\ARM_GCC_541\Debug\BCom0.3.a(UART.o)
                0x0000071c                UART_GetRxBufferSize
 .text.UART_ClearRxBuffer
                0x00000734       0x24 .\CortexM3\ARM_GCC_541\Debug\BCom0.3.a(UART.o)
                0x00000734                UART_ClearRxBuffer
 .text.UART_PutChar
                0x00000758       0x18 .\CortexM3\ARM_GCC_541\Debug\BCom0.3.a(UART.o)
                0x00000758                UART_PutChar
 .text.UART_PutArray
                0x00000770       0x28 .\CortexM3\ARM_GCC_541\Debug\BCom0.3.a(UART.o)
                0x00000770                UART_PutArray
 .text.UART_IntClock_Start
                0x00000798       0x1c .\CortexM3\ARM_GCC_541\Debug\BCom0.3.a(UART_IntClock.o)
                0x00000798                UART_IntClock_Start
 .text.UART_IntClock_Stop
                0x000007b4       0x1c .\CortexM3\ARM_GCC_541\Debug\BCom0.3.a(UART_IntClock.o)
                0x000007b4                UART_IntClock_Stop
 .text.CyDelay  0x000007d0       0x2c .\CortexM3\ARM_GCC_541\Debug\BCom0.3.a(CyLib.o)
                0x000007d0                CyDelay
 .text.CyGetUniqueId
                0x000007fc       0x70 .\CortexM3\ARM_GCC_541\Debug\BCom0.3.a(CyLib.o)
                0x000007fc                CyGetUniqueId
 .text.isr_rx_SetVector
                0x0000086c        0xc .\CortexM3\ARM_GCC_541\Debug\BCom0.3.a(isr_rx.o)
                0x0000086c                isr_rx_SetVector
 .text.isr_rx_SetPriority
                0x00000878       0x10 .\CortexM3\ARM_GCC_541\Debug\BCom0.3.a(isr_rx.o)
                0x00000878                isr_rx_SetPriority
 .text.isr_rx_Enable
                0x00000888        0xc .\CortexM3\ARM_GCC_541\Debug\BCom0.3.a(isr_rx.o)
                0x00000888                isr_rx_Enable
 .text.isr_rx_Disable
                0x00000894        0xc .\CortexM3\ARM_GCC_541\Debug\BCom0.3.a(isr_rx.o)
                0x00000894                isr_rx_Disable
 .text.isr_rx_StartEx
                0x000008a0       0x1c .\CortexM3\ARM_GCC_541\Debug\BCom0.3.a(isr_rx.o)
                0x000008a0                isr_rx_StartEx
 .text.isr_rx_ClearPending
                0x000008bc        0xc .\CortexM3\ARM_GCC_541\Debug\BCom0.3.a(isr_rx.o)
                0x000008bc                isr_rx_ClearPending
 .text.StatusLed_Write
                0x000008c8       0x18 .\CortexM3\ARM_GCC_541\Debug\BCom0.3.a(StatusLed.o)
                0x000008c8                StatusLed_Write
 .text.Button_Read
                0x000008e0       0x10 .\CortexM3\ARM_GCC_541\Debug\BCom0.3.a(Button.o)
                0x000008e0                Button_Read
 .text.Transport
                0x000008f0       0xa8 .\CortexM3\ARM_GCC_541\Debug\BCom0.3.a(BCom_1_BCom.o)
                0x000008f0                Transport
 .text.Transmit
                0x00000998       0x94 .\CortexM3\ARM_GCC_541\Debug\BCom0.3.a(BCom_1_BCom.o)
                0x00000998                Transmit
 .text.StripLights_MemClear
                0x00000a2c       0x30 .\CortexM3\ARM_GCC_541\Debug\BCom0.3.a(StripLights.o)
                0x00000a2c                StripLights_MemClear
 .text.StripLights_WriteColor
                0x00000a5c       0x2c .\CortexM3\ARM_GCC_541\Debug\BCom0.3.a(StripLights.o)
                0x00000a5c                StripLights_WriteColor
 .text.StripLights_Trigger
                0x00000a88       0x48 .\CortexM3\ARM_GCC_541\Debug\BCom0.3.a(StripLights.o)
                0x00000a88                StripLights_Trigger
 .text.StripLights_FISR
                0x00000ad0       0x3c .\CortexM3\ARM_GCC_541\Debug\BCom0.3.a(StripLights.o)
                0x00000ad0                StripLights_FISR
 .text.StripLights_CISR
                0x00000b0c       0x6c .\CortexM3\ARM_GCC_541\Debug\BCom0.3.a(StripLights.o)
                0x00000b0c                StripLights_CISR
 .text.StripLights_Dim
                0x00000b78       0xa8 .\CortexM3\ARM_GCC_541\Debug\BCom0.3.a(StripLights.o)
                0x00000b78                StripLights_Dim
 .text.StripLights_Start
                0x00000c20       0x78 .\CortexM3\ARM_GCC_541\Debug\BCom0.3.a(StripLights.o)
                0x00000c20                StripLights_Start
 .text.StripLights_SetFont
                0x00000c98       0x4c .\CortexM3\ARM_GCC_541\Debug\BCom0.3.a(StripLights_fonts.o)
                0x00000c98                StripLights_SetFont
 .text.StripLights_fisr_SetVector
                0x00000ce4        0xc .\CortexM3\ARM_GCC_541\Debug\BCom0.3.a(StripLights_fisr.o)
                0x00000ce4                StripLights_fisr_SetVector
 .text.StripLights_fisr_SetPriority
                0x00000cf0       0x10 .\CortexM3\ARM_GCC_541\Debug\BCom0.3.a(StripLights_fisr.o)
                0x00000cf0                StripLights_fisr_SetPriority
 .text.StripLights_fisr_Enable
                0x00000d00        0xc .\CortexM3\ARM_GCC_541\Debug\BCom0.3.a(StripLights_fisr.o)
                0x00000d00                StripLights_fisr_Enable
 .text.StripLights_fisr_Disable
                0x00000d0c        0xc .\CortexM3\ARM_GCC_541\Debug\BCom0.3.a(StripLights_fisr.o)
                0x00000d0c                StripLights_fisr_Disable
 .text.StripLights_fisr_StartEx
                0x00000d18       0x1c .\CortexM3\ARM_GCC_541\Debug\BCom0.3.a(StripLights_fisr.o)
                0x00000d18                StripLights_fisr_StartEx
 .text.StripLights_cisr_SetVector
                0x00000d34        0xc .\CortexM3\ARM_GCC_541\Debug\BCom0.3.a(StripLights_cisr.o)
                0x00000d34                StripLights_cisr_SetVector
 .text.StripLights_cisr_SetPriority
                0x00000d40       0x10 .\CortexM3\ARM_GCC_541\Debug\BCom0.3.a(StripLights_cisr.o)
                0x00000d40                StripLights_cisr_SetPriority
 .text.StripLights_cisr_Enable
                0x00000d50        0xc .\CortexM3\ARM_GCC_541\Debug\BCom0.3.a(StripLights_cisr.o)
                0x00000d50                StripLights_cisr_Enable
 .text.StripLights_cisr_Disable
                0x00000d5c        0xc .\CortexM3\ARM_GCC_541\Debug\BCom0.3.a(StripLights_cisr.o)
                0x00000d5c                StripLights_cisr_Disable
 .text.StripLights_cisr_StartEx
                0x00000d68       0x1c .\CortexM3\ARM_GCC_541\Debug\BCom0.3.a(StripLights_cisr.o)
                0x00000d68                StripLights_cisr_StartEx
 *fill*         0x00000d84        0x4 
 .text          0x00000d88       0x20 .\CortexM3\ARM_GCC_541\Debug\BCom0.3.a(CyBootAsmGnu.o)
                0x00000d88                CyDelayCycles
                0x00000d98                CyEnterCriticalSection
                0x00000da0                CyExitCriticalSection
 .text.b64_int  0x00000da8       0x48 .\CortexM3\ARM_GCC_541\Debug\BCom0.3.a(BCom_1_base64.o)
                0x00000da8                b64_int
 .text.b64_encode
                0x00000df0       0xd8 .\CortexM3\ARM_GCC_541\Debug\BCom0.3.a(BCom_1_base64.o)
                0x00000df0                b64_encode
 .text.b64_decode
                0x00000ec8       0x94 .\CortexM3\ARM_GCC_541\Debug\BCom0.3.a(BCom_1_base64.o)
                0x00000ec8                b64_decode
 .text.init_crc16_tab
                0x00000f5c       0x50 .\CortexM3\ARM_GCC_541\Debug\BCom0.3.a(BCom_1_CRC16.o)
 .text.crc_16   0x00000fac       0x3c .\CortexM3\ARM_GCC_541\Debug\BCom0.3.a(BCom_1_CRC16.o)
                0x00000fac                crc_16
 .text          0x00000fe8      0x370 c:/program files (x86)/cypress/psoc creator/4.2/psoc creator/import/gnu/arm/5.4.1/bin/../lib/gcc/arm-none-eabi/5.4.1/armv7-m\libgcc.a(_arm_addsubdf3.o)
                0x00000fe8                __aeabi_drsub
                0x00000ff0                __aeabi_dsub
                0x00000ff0                __subdf3
                0x00000ff4                __aeabi_dadd
                0x00000ff4                __adddf3
                0x0000126c                __floatunsidf
                0x0000126c                __aeabi_ui2d
                0x0000128c                __floatsidf
                0x0000128c                __aeabi_i2d
                0x000012b0                __aeabi_f2d
                0x000012b0                __extendsfdf2
                0x000012ec                __floatundidf
                0x000012ec                __aeabi_ul2d
                0x000012fc                __floatdidf
                0x000012fc                __aeabi_l2d
 .text.__errno  0x00001358        0xc c:/program files (x86)/cypress/psoc creator/4.2/psoc creator/import/gnu/arm/5.4.1/bin/../lib/gcc/arm-none-eabi/5.4.1/../../../../arm-none-eabi/lib/armv7-m\libg_nano.a(lib_a-errno.o)
                0x00001358                __errno
 .text.__libc_init_array
                0x00001364       0x4c c:/program files (x86)/cypress/psoc creator/4.2/psoc creator/import/gnu/arm/5.4.1/bin/../lib/gcc/arm-none-eabi/5.4.1/../../../../arm-none-eabi/lib/armv7-m\libg_nano.a(lib_a-init.o)
                0x00001364                __libc_init_array
 .text.memcpy   0x000013b0       0x16 c:/program files (x86)/cypress/psoc creator/4.2/psoc creator/import/gnu/arm/5.4.1/bin/../lib/gcc/arm-none-eabi/5.4.1/../../../../arm-none-eabi/lib/armv7-m\libg_nano.a(lib_a-memcpy-stub.o)
                0x000013b0                memcpy
 .text.memset   0x000013c6       0x10 c:/program files (x86)/cypress/psoc creator/4.2/psoc creator/import/gnu/arm/5.4.1/bin/../lib/gcc/arm-none-eabi/5.4.1/../../../../arm-none-eabi/lib/armv7-m\libg_nano.a(lib_a-memset.o)
                0x000013c6                memset
 .text.__cvt    0x000013d6       0xc0 c:/program files (x86)/cypress/psoc creator/4.2/psoc creator/import/gnu/arm/5.4.1/bin/../lib/gcc/arm-none-eabi/5.4.1/../../../../arm-none-eabi/lib/armv7-m\libg_nano.a(lib_a-nano-vfprintf_float.o)
                0x000013d6                __cvt
 .text.__exponent
                0x00001496       0x62 c:/program files (x86)/cypress/psoc creator/4.2/psoc creator/import/gnu/arm/5.4.1/bin/../lib/gcc/arm-none-eabi/5.4.1/../../../../arm-none-eabi/lib/armv7-m\libg_nano.a(lib_a-nano-vfprintf_float.o)
                0x00001496                __exponent
 .text._printf_float
                0x000014f8      0x488 c:/program files (x86)/cypress/psoc creator/4.2/psoc creator/import/gnu/arm/5.4.1/bin/../lib/gcc/arm-none-eabi/5.4.1/../../../../arm-none-eabi/lib/armv7-m\libg_nano.a(lib_a-nano-vfprintf_float.o)
                0x000014f8                _printf_float
 .text._printf_common
                0x00001980       0xec c:/program files (x86)/cypress/psoc creator/4.2/psoc creator/import/gnu/arm/5.4.1/bin/../lib/gcc/arm-none-eabi/5.4.1/../../../../arm-none-eabi/lib/armv7-m\libg_nano.a(lib_a-nano-vfprintf_i.o)
                0x00001980                _printf_common
 .text          0x00001a6c       0x10 c:/program files (x86)/cypress/psoc creator/4.2/psoc creator/import/gnu/arm/5.4.1/bin/../lib/gcc/arm-none-eabi/5.4.1/../../../../arm-none-eabi/lib/armv7-m\libg_nano.a(lib_a-strlen.o)
                0x00001a6c                strlen
 .text.quorem   0x00001a7c      0x116 c:/program files (x86)/cypress/psoc creator/4.2/psoc creator/import/gnu/arm/5.4.1/bin/../lib/gcc/arm-none-eabi/5.4.1/../../../../arm-none-eabi/lib/armv7-m\libg_nano.a(lib_a-dtoa.o)
 *fill*         0x00001b92        0x6 
 .text._dtoa_r  0x00001b98      0xb30 c:/program files (x86)/cypress/psoc creator/4.2/psoc creator/import/gnu/arm/5.4.1/bin/../lib/gcc/arm-none-eabi/5.4.1/../../../../arm-none-eabi/lib/armv7-m\libg_nano.a(lib_a-dtoa.o)
                0x00001b98                _dtoa_r
 .text._localeconv_r
                0x000026c8        0x8 c:/program files (x86)/cypress/psoc creator/4.2/psoc creator/import/gnu/arm/5.4.1/bin/../lib/gcc/arm-none-eabi/5.4.1/../../../../arm-none-eabi/lib/armv7-m\libg_nano.a(lib_a-locale.o)
                0x000026c8                _localeconv_r
 .text.malloc   0x000026d0       0x10 c:/program files (x86)/cypress/psoc creator/4.2/psoc creator/import/gnu/arm/5.4.1/bin/../lib/gcc/arm-none-eabi/5.4.1/../../../../arm-none-eabi/lib/armv7-m\libg_nano.a(lib_a-malloc.o)
                0x000026d0                malloc
 .text._Balloc  0x000026e0       0x6a c:/program files (x86)/cypress/psoc creator/4.2/psoc creator/import/gnu/arm/5.4.1/bin/../lib/gcc/arm-none-eabi/5.4.1/../../../../arm-none-eabi/lib/armv7-m\libg_nano.a(lib_a-mprec.o)
                0x000026e0                _Balloc
 .text._Bfree   0x0000274a       0x2e c:/program files (x86)/cypress/psoc creator/4.2/psoc creator/import/gnu/arm/5.4.1/bin/../lib/gcc/arm-none-eabi/5.4.1/../../../../arm-none-eabi/lib/armv7-m\libg_nano.a(lib_a-mprec.o)
                0x0000274a                _Bfree
 .text.__multadd
                0x00002778       0x76 c:/program files (x86)/cypress/psoc creator/4.2/psoc creator/import/gnu/arm/5.4.1/bin/../lib/gcc/arm-none-eabi/5.4.1/../../../../arm-none-eabi/lib/armv7-m\libg_nano.a(lib_a-mprec.o)
                0x00002778                __multadd
 .text.__hi0bits
                0x000027ee       0x40 c:/program files (x86)/cypress/psoc creator/4.2/psoc creator/import/gnu/arm/5.4.1/bin/../lib/gcc/arm-none-eabi/5.4.1/../../../../arm-none-eabi/lib/armv7-m\libg_nano.a(lib_a-mprec.o)
                0x000027ee                __hi0bits
 .text.__lo0bits
                0x0000282e       0x5a c:/program files (x86)/cypress/psoc creator/4.2/psoc creator/import/gnu/arm/5.4.1/bin/../lib/gcc/arm-none-eabi/5.4.1/../../../../arm-none-eabi/lib/armv7-m\libg_nano.a(lib_a-mprec.o)
                0x0000282e                __lo0bits
 .text.__i2b    0x00002888       0x12 c:/program files (x86)/cypress/psoc creator/4.2/psoc creator/import/gnu/arm/5.4.1/bin/../lib/gcc/arm-none-eabi/5.4.1/../../../../arm-none-eabi/lib/armv7-m\libg_nano.a(lib_a-mprec.o)
                0x00002888                __i2b
 .text.__multiply
                0x0000289a      0x120 c:/program files (x86)/cypress/psoc creator/4.2/psoc creator/import/gnu/arm/5.4.1/bin/../lib/gcc/arm-none-eabi/5.4.1/../../../../arm-none-eabi/lib/armv7-m\libg_nano.a(lib_a-mprec.o)
                0x0000289a                __multiply
 *fill*         0x000029ba        0x2 
 .text.__pow5mult
                0x000029bc       0x9c c:/program files (x86)/cypress/psoc creator/4.2/psoc creator/import/gnu/arm/5.4.1/bin/../lib/gcc/arm-none-eabi/5.4.1/../../../../arm-none-eabi/lib/armv7-m\libg_nano.a(lib_a-mprec.o)
                0x000029bc                __pow5mult
 .text.__lshift
                0x00002a58       0xa2 c:/program files (x86)/cypress/psoc creator/4.2/psoc creator/import/gnu/arm/5.4.1/bin/../lib/gcc/arm-none-eabi/5.4.1/../../../../arm-none-eabi/lib/armv7-m\libg_nano.a(lib_a-mprec.o)
                0x00002a58                __lshift
 .text.__mcmp   0x00002afa       0x38 c:/program files (x86)/cypress/psoc creator/4.2/psoc creator/import/gnu/arm/5.4.1/bin/../lib/gcc/arm-none-eabi/5.4.1/../../../../arm-none-eabi/lib/armv7-m\libg_nano.a(lib_a-mprec.o)
                0x00002afa                __mcmp
 .text.__mdiff  0x00002b32       0xbe c:/program files (x86)/cypress/psoc creator/4.2/psoc creator/import/gnu/arm/5.4.1/bin/../lib/gcc/arm-none-eabi/5.4.1/../../../../arm-none-eabi/lib/armv7-m\libg_nano.a(lib_a-mprec.o)
                0x00002b32                __mdiff
 .text.__d2b    0x00002bf0       0x9c c:/program files (x86)/cypress/psoc creator/4.2/psoc creator/import/gnu/arm/5.4.1/bin/../lib/gcc/arm-none-eabi/5.4.1/../../../../arm-none-eabi/lib/armv7-m\libg_nano.a(lib_a-mprec.o)
                0x00002bf0                __d2b
 .text._calloc_r
                0x00002c8c       0x1c c:/program files (x86)/cypress/psoc creator/4.2/psoc creator/import/gnu/arm/5.4.1/bin/../lib/gcc/arm-none-eabi/5.4.1/../../../../arm-none-eabi/lib/armv7-m\libg_nano.a(lib_a-nano-callocr.o)
                0x00002c8c                _calloc_r
 .text._malloc_r
                0x00002ca8       0xbc c:/program files (x86)/cypress/psoc creator/4.2/psoc creator/import/gnu/arm/5.4.1/bin/../lib/gcc/arm-none-eabi/5.4.1/../../../../arm-none-eabi/lib/armv7-m\libg_nano.a(lib_a-nano-mallocr.o)
                0x00002ca8                _malloc_r
 .text._sbrk_r  0x00002d64       0x20 c:/program files (x86)/cypress/psoc creator/4.2/psoc creator/import/gnu/arm/5.4.1/bin/../lib/gcc/arm-none-eabi/5.4.1/../../../../arm-none-eabi/lib/armv7-m\libg_nano.a(lib_a-sbrkr.o)
                0x00002d64                _sbrk_r
 .text.__malloc_lock
                0x00002d84        0x2 c:/program files (x86)/cypress/psoc creator/4.2/psoc creator/import/gnu/arm/5.4.1/bin/../lib/gcc/arm-none-eabi/5.4.1/../../../../arm-none-eabi/lib/armv7-m\libg_nano.a(lib_a-mlock.o)
                0x00002d84                __malloc_lock
 .text.__malloc_unlock
                0x00002d86        0x2 c:/program files (x86)/cypress/psoc creator/4.2/psoc creator/import/gnu/arm/5.4.1/bin/../lib/gcc/arm-none-eabi/5.4.1/../../../../arm-none-eabi/lib/armv7-m\libg_nano.a(lib_a-mlock.o)
                0x00002d86                __malloc_unlock
 .text          0x00002d88      0x424 c:/program files (x86)/cypress/psoc creator/4.2/psoc creator/import/gnu/arm/5.4.1/bin/../lib/gcc/arm-none-eabi/5.4.1/armv7-m\libgcc.a(_arm_muldivdf3.o)
                0x00002d88                __aeabi_dmul
                0x00002d88                __muldf3
                0x00002fdc                __divdf3
                0x00002fdc                __aeabi_ddiv
 .text          0x000031ac      0x110 c:/program files (x86)/cypress/psoc creator/4.2/psoc creator/import/gnu/arm/5.4.1/bin/../lib/gcc/arm-none-eabi/5.4.1/armv7-m\libgcc.a(_arm_cmpdf2.o)
                0x000031ac                __gtdf2
                0x000031ac                __gedf2
                0x000031b4                __ltdf2
                0x000031b4                __ledf2
                0x000031bc                __nedf2
                0x000031bc                __eqdf2
                0x000031bc                __cmpdf2
                0x00003238                __aeabi_cdrcmple
                0x00003248                __aeabi_cdcmpeq
                0x00003248                __aeabi_cdcmple
                0x00003258                __aeabi_dcmpeq
                0x0000326c                __aeabi_dcmplt
                0x00003280                __aeabi_dcmple
                0x00003294                __aeabi_dcmpge
                0x000032a8                __aeabi_dcmpgt
 .text          0x000032bc       0x2c c:/program files (x86)/cypress/psoc creator/4.2/psoc creator/import/gnu/arm/5.4.1/bin/../lib/gcc/arm-none-eabi/5.4.1/armv7-m\libgcc.a(_arm_unorddf2.o)
                0x000032bc                __unorddf2
                0x000032bc                __aeabi_dcmpun
 .text          0x000032e8       0x50 c:/program files (x86)/cypress/psoc creator/4.2/psoc creator/import/gnu/arm/5.4.1/bin/../lib/gcc/arm-none-eabi/5.4.1/armv7-m\libgcc.a(_arm_fixdfsi.o)
                0x000032e8                __aeabi_d2iz
                0x000032e8                __fixdfsi
 *(.plt)
 *(.gnu.warning)
 *(.glue_7t)
 .glue_7t       0x00003338        0x0 linker stubs
 *(.glue_7)
 .glue_7        0x00003338        0x0 linker stubs
 *(.vfp11_veneer)
 .vfp11_veneer  0x00003338        0x0 linker stubs
 *(.bootloader)
 *(.ARM.extab* .gnu.linkonce.armextab.*)
 *(.gcc_except_table)

.v4_bx          0x00003338        0x0
 .v4_bx         0x00003338        0x0 linker stubs

.iplt           0x00003338        0x0
 .iplt          0x00003338        0x0 c:/program files (x86)/cypress/psoc creator/4.2/psoc creator/import/gnu/arm/5.4.1/bin/../lib/gcc/arm-none-eabi/5.4.1/armv7-m/crtbegin.o

.eh_frame_hdr
 *(.eh_frame_hdr)

.eh_frame       0x00003338        0x4
 *(.eh_frame)
 .eh_frame      0x00003338        0x0 c:/program files (x86)/cypress/psoc creator/4.2/psoc creator/import/gnu/arm/5.4.1/bin/../lib/gcc/arm-none-eabi/5.4.1/armv7-m/crtbegin.o
 .eh_frame      0x00003338        0x4 c:/program files (x86)/cypress/psoc creator/4.2/psoc creator/import/gnu/arm/5.4.1/bin/../lib/gcc/arm-none-eabi/5.4.1/armv7-m/crtend.o
                [!provide]                PROVIDE (__exidx_start, .)

.ARM.exidx
 *(.ARM.exidx* .gnu.linkonce.armexidx.*)
                0x0000333c                __exidx_end = .

.rodata         0x00003340      0x6a0
 *(.rodata .rodata.* .gnu.linkonce.r.*)
 .rodata.str1.4
                0x00003340       0x34 .\CortexM3\ARM_GCC_541\Debug\main.o
                                 0x31 (size before relaxing)
 .rodata        0x00003374       0x44 .\CortexM3\ARM_GCC_541\Debug\cyfitter_cfg.o
 .rodata        0x000033b8      0x2e0 .\CortexM3\ARM_GCC_541\Debug\BCom0.3.a(StripLights.o)
                0x000033b8                StripLights_CLUT
                0x00003598                gamma
 .rodata        0x00003698      0x1e0 .\CortexM3\ARM_GCC_541\Debug\BCom0.3.a(StripLights_fonts.o)
                0x00003698                StripLights_Font5x7
 .rodata.str1.1
                0x00003878        0x2 c:/program files (x86)/cypress/psoc creator/4.2/psoc creator/import/gnu/arm/5.4.1/bin/../lib/gcc/arm-none-eabi/5.4.1/../../../../arm-none-eabi/lib/armv7-m\libg_nano.a(lib_a-impure.o)
 .rodata.str1.1
                0x0000387a       0x12 c:/program files (x86)/cypress/psoc creator/4.2/psoc creator/import/gnu/arm/5.4.1/bin/../lib/gcc/arm-none-eabi/5.4.1/../../../../arm-none-eabi/lib/armv7-m\libg_nano.a(lib_a-nano-vfprintf_float.o)
 .rodata.str1.1
                0x0000388c        0xd c:/program files (x86)/cypress/psoc creator/4.2/psoc creator/import/gnu/arm/5.4.1/bin/../lib/gcc/arm-none-eabi/5.4.1/../../../../arm-none-eabi/lib/armv7-m\libg_nano.a(lib_a-dtoa.o)
                                  0xf (size before relaxing)
 .rodata.str1.1
                0x00003899        0x8 c:/program files (x86)/cypress/psoc creator/4.2/psoc creator/import/gnu/arm/5.4.1/bin/../lib/gcc/arm-none-eabi/5.4.1/../../../../arm-none-eabi/lib/armv7-m\libg_nano.a(lib_a-locale.o)
                                  0xb (size before relaxing)
 *fill*         0x000038a1        0x7 
 .rodata.__mprec_tens
                0x000038a8       0xc8 c:/program files (x86)/cypress/psoc creator/4.2/psoc creator/import/gnu/arm/5.4.1/bin/../lib/gcc/arm-none-eabi/5.4.1/../../../../arm-none-eabi/lib/armv7-m\libg_nano.a(lib_a-mprec.o)
                0x000038a8                __mprec_tens
 .rodata.p05.5408
                0x00003970        0xc c:/program files (x86)/cypress/psoc creator/4.2/psoc creator/import/gnu/arm/5.4.1/bin/../lib/gcc/arm-none-eabi/5.4.1/../../../../arm-none-eabi/lib/armv7-m\libg_nano.a(lib_a-mprec.o)
 *fill*         0x0000397c        0x4 
 .rodata.__mprec_bigtens
                0x00003980       0x28 c:/program files (x86)/cypress/psoc creator/4.2/psoc creator/import/gnu/arm/5.4.1/bin/../lib/gcc/arm-none-eabi/5.4.1/../../../../arm-none-eabi/lib/armv7-m\libg_nano.a(lib_a-mprec.o)
                0x00003980                __mprec_bigtens
                0x000039a8                . = ALIGN (0x4)
 *(.init)
 .init          0x000039a8        0x4 c:/program files (x86)/cypress/psoc creator/4.2/psoc creator/import/gnu/arm/5.4.1/bin/../lib/gcc/arm-none-eabi/5.4.1/armv7-m/crti.o
                0x000039a8                _init
 .init          0x000039ac        0x8 c:/program files (x86)/cypress/psoc creator/4.2/psoc creator/import/gnu/arm/5.4.1/bin/../lib/gcc/arm-none-eabi/5.4.1/armv7-m/crtn.o
                0x000039b4                . = ALIGN (0x4)
                0x000039b4                __preinit_array_start = .
 *(.preinit_array)
                0x000039b4                __preinit_array_end = .
                0x000039b4                . = ALIGN (0x4)
                0x000039b4                __init_array_start = .
 *(SORT(.init_array.*))
 *(.init_array)
 .init_array    0x000039b4        0x4 c:/program files (x86)/cypress/psoc creator/4.2/psoc creator/import/gnu/arm/5.4.1/bin/../lib/gcc/arm-none-eabi/5.4.1/armv7-m/crtbegin.o
 .init_array    0x000039b8        0x4 .\CortexM3\ARM_GCC_541\Debug\Cm3Start.o
                0x000039bc                __init_array_end = .
                0x000039bc                . = ALIGN (0x4)
 *(.fini)
 .fini          0x000039bc        0x4 c:/program files (x86)/cypress/psoc creator/4.2/psoc creator/import/gnu/arm/5.4.1/bin/../lib/gcc/arm-none-eabi/5.4.1/armv7-m/crti.o
                0x000039bc                _fini
 .fini          0x000039c0        0x8 c:/program files (x86)/cypress/psoc creator/4.2/psoc creator/import/gnu/arm/5.4.1/bin/../lib/gcc/arm-none-eabi/5.4.1/armv7-m/crtn.o
                0x000039c8                . = ALIGN (0x4)
                0x000039c8                __fini_array_start = .
 *(.fini_array)
 .fini_array    0x000039c8        0x4 c:/program files (x86)/cypress/psoc creator/4.2/psoc creator/import/gnu/arm/5.4.1/bin/../lib/gcc/arm-none-eabi/5.4.1/armv7-m/crtbegin.o
 *(SORT(.fini_array.*))
                0x000039cc                __fini_array_end = .
                0x000039cc                . = ALIGN (0x4)
 *crtbegin.o(.ctors)
 *(EXCLUDE_FILE(*crtend.o) .ctors)
 *(SORT(.ctors.*))
 *crtend.o(.ctors)
                0x000039cc                . = ALIGN (0x4)
 *crtbegin.o(.dtors)
 *(EXCLUDE_FILE(*crtend.o) .dtors)
 *(SORT(.dtors.*))
 *crtend.o(.dtors)
                0x000039cc                . = ALIGN (0x4)
                0x000039cc                __cy_regions = .
                0x000039cc        0x4 LONG 0x39e0 __cy_region_init_ram
                0x000039d0        0x4 LONG 0x1fff80c8 __cy_region_start_data
                0x000039d4        0x4 LONG 0xf8 __cy_region_init_size_ram
                0x000039d8        0x4 LONG 0x850 __cy_region_zero_size_ram
                0x000039dc                __cy_regions_end = .
                0x000039e0                . = ALIGN (0x8)
 *fill*         0x000039dc        0x4 
                0x000039e0                _etext = .

.cy_checksum_exclude
                0x000039e0        0x0
 *(.cy_checksum_exclude)

.ramvectors     0x1fff8000       0xc0
                0x1fff8000                __cy_region_start_ram = .
 *(.ramvectors)
 .ramvectors    0x1fff8000       0xc0 .\CortexM3\ARM_GCC_541\Debug\Cm3Start.o
                0x1fff8000                CyRamVectors

.noinit         0x1fff80c0        0x1
 *(.noinit)
 .noinit        0x1fff80c0        0x1 .\CortexM3\ARM_GCC_541\Debug\BCom0.3.a(CyLib.o)
                0x1fff80c0                CyResetStatus

.data           0x1fff80c8       0xf8 load address 0x000039e0
                0x1fff80c8                __cy_region_start_data = .
 *(.jcr)
 .jcr           0x1fff80c8        0x0 c:/program files (x86)/cypress/psoc creator/4.2/psoc creator/import/gnu/arm/5.4.1/bin/../lib/gcc/arm-none-eabi/5.4.1/armv7-m/crtbegin.o
 .jcr           0x1fff80c8        0x4 c:/program files (x86)/cypress/psoc creator/4.2/psoc creator/import/gnu/arm/5.4.1/bin/../lib/gcc/arm-none-eabi/5.4.1/armv7-m/crtend.o
 *(.got.plt)
 *(.got)
 *(.shdata)
 *(.data .data.* .gnu.linkonce.d.*)
 .data          0x1fff80cc        0x4 .\CortexM3\ARM_GCC_541\Debug\Cm3Start.o
 .data          0x1fff80d0       0x10 .\CortexM3\ARM_GCC_541\Debug\BCom0.3.a(CyLib.o)
                0x1fff80d0                cydelay_32k_ms
                0x1fff80d4                cydelay_freq_khz
                0x1fff80d8                cydelay_freq_mhz
                0x1fff80dc                cydelay_freq_hz
 .data          0x1fff80e0       0x41 .\CortexM3\ARM_GCC_541\Debug\BCom0.3.a(BCom_1_base64.o)
                0x1fff80e0                b64_chr
 *fill*         0x1fff8121        0x3 
 .data.impure_data
                0x1fff8124       0x60 c:/program files (x86)/cypress/psoc creator/4.2/psoc creator/import/gnu/arm/5.4.1/bin/../lib/gcc/arm-none-eabi/5.4.1/../../../../arm-none-eabi/lib/armv7-m\libg_nano.a(lib_a-impure.o)
 .data._impure_ptr
                0x1fff8184        0x4 c:/program files (x86)/cypress/psoc creator/4.2/psoc creator/import/gnu/arm/5.4.1/bin/../lib/gcc/arm-none-eabi/5.4.1/../../../../arm-none-eabi/lib/armv7-m\libg_nano.a(lib_a-impure.o)
                0x1fff8184                _impure_ptr
 .data.lconv    0x1fff8188       0x38 c:/program files (x86)/cypress/psoc creator/4.2/psoc creator/import/gnu/arm/5.4.1/bin/../lib/gcc/arm-none-eabi/5.4.1/../../../../arm-none-eabi/lib/armv7-m\libg_nano.a(lib_a-locale.o)
                0x1fff81c0                . = ALIGN (0x8)
 *(.ram)
                0x1fff81c0                _edata = .

.igot.plt       0x1fff81c0        0x0 load address 0x00003ad8
 .igot.plt      0x1fff81c0        0x0 c:/program files (x86)/cypress/psoc creator/4.2/psoc creator/import/gnu/arm/5.4.1/bin/../lib/gcc/arm-none-eabi/5.4.1/armv7-m/crtbegin.o

.bss            0x1fff81c0      0x850 load address 0x00003ad8
                0x1fff81c0                PROVIDE (__bss_start__, .)
 *(.shbss)
 *(.bss .bss.* .gnu.linkonce.b.*)
 .bss           0x1fff81c0       0x1c c:/program files (x86)/cypress/psoc creator/4.2/psoc creator/import/gnu/arm/5.4.1/bin/../lib/gcc/arm-none-eabi/5.4.1/armv7-m/crtbegin.o
 .bss           0x1fff81dc        0xd .\CortexM3\ARM_GCC_541\Debug\main.o
                0x1fff81dc                frameReady
                0x1fff81dd                BufferOverrun
                0x1fff81de                bufferPtr
                0x1fff81e0                active
                0x1fff81e4                requestLedUpdate
                0x1fff81e8                errorStatus
 .bss           0x1fff81e9        0x2 .\CortexM3\ARM_GCC_541\Debug\BCom0.3.a(UART.o)
                0x1fff81e9                UART_initVar
 *fill*         0x1fff81eb        0x1 
 .bss           0x1fff81ec       0x11 .\CortexM3\ARM_GCC_541\Debug\BCom0.3.a(StripLights.o)
                0x1fff81f0                StripLights_Red_Shift
                0x1fff81f4                StripLights_row
                0x1fff81f8                StripLights_ledIndex
                0x1fff81fc                StripLights_initvar
 *fill*         0x1fff81fd        0x3 
 .bss           0x1fff8200      0x201 .\CortexM3\ARM_GCC_541\Debug\BCom0.3.a(BCom_1_CRC16.o)
 *fill*         0x1fff8401        0x3 
 .bss.__malloc_sbrk_start
                0x1fff8404        0x4 c:/program files (x86)/cypress/psoc creator/4.2/psoc creator/import/gnu/arm/5.4.1/bin/../lib/gcc/arm-none-eabi/5.4.1/../../../../arm-none-eabi/lib/armv7-m\libg_nano.a(lib_a-nano-mallocr.o)
                0x1fff8404                __malloc_sbrk_start
 .bss.__malloc_free_list
                0x1fff8408        0x4 c:/program files (x86)/cypress/psoc creator/4.2/psoc creator/import/gnu/arm/5.4.1/bin/../lib/gcc/arm-none-eabi/5.4.1/../../../../arm-none-eabi/lib/armv7-m\libg_nano.a(lib_a-nano-mallocr.o)
                0x1fff8408                __malloc_free_list
 *(COMMON)
 COMMON         0x1fff840c      0x130 .\CortexM3\ARM_GCC_541\Debug\main.o
                0x1fff840c                inputBuffer
                0x1fff848c                System_u
                0x1fff848d                StripLights_UseGammaCorrection
                0x1fff8490                StripLights_Done
                0x1fff8494                Config
 COMMON         0x1fff853c      0x4bc .\CortexM3\ARM_GCC_541\Debug\BCom0.3.a(StripLights.o)
                0x1fff853c                StripLights_ledArray
                0x1fff89ec                StripLights_DimMask
                0x1fff89f0                StripLights_DimShift
                0x1fff89f4                StripLights_refreshComplete
 COMMON         0x1fff89f8       0x10 .\CortexM3\ARM_GCC_541\Debug\BCom0.3.a(StripLights_fonts.o)
                0x1fff89f8                StripLights_fontX
                0x1fff89fc                StripLights_fontOffset
                0x1fff8a00                StripLights_fontPtr
                0x1fff8a04                StripLights_fontY
 COMMON         0x1fff8a08        0x4 c:/program files (x86)/cypress/psoc creator/4.2/psoc creator/import/gnu/arm/5.4.1/bin/../lib/gcc/arm-none-eabi/5.4.1/../../../../arm-none-eabi/lib/armv7-m\libg_nano.a(lib_a-reent.o)
                0x1fff8a08                errno
                0x1fff8a10                . = ALIGN (0x8)
 *fill*         0x1fff8a0c        0x4 
 *(.ram.b)
                0x1fff8a10                _end = .
                0x1fff8a10                __end = .
                0x1fff8a10                PROVIDE (end, .)
                0x1fff8a10                PROVIDE (__bss_end__, .)
                0x000039e0                __cy_region_init_ram = LOADADDR (.data)
                0x000000f8                __cy_region_init_size_ram = (_edata - ADDR (.data))
                0x00000850                __cy_region_zero_size_ram = (_end - _edata)

.heap           0x1fff8a10      0x300 load address 0x00003ad8
                0x1fff8a10                . = _end
                0x1fff8d10                . = (. + 0x300)
 *fill*         0x1fff8a10      0x300 
                0x1fff8d10                __cy_heap_limit = .

.stack          0x20007800      0x800
                0x20007800                __cy_stack_limit = .
                0x20008000                . = (. + 0x800)
 *fill*         0x20007800      0x800 
                0x00000001                ASSERT ((__cy_stack_limit >= __cy_heap_limit), region RAM overflowed with stack)
                0x00000000                cy_checksum_exclude_size = (CY_APPL_LOADABLE == 0x1)?SIZEOF (.cy_checksum_exclude):0x0
                0x00000001                ASSERT ((cy_checksum_exclude_size <= CY_CHECKSUM_EXCLUDE_SIZE), CY_BOOT: Section .cy_checksum_exclude size exceedes specified limit.)

.cyloadermeta
 *(.cyloadermeta)

.cyloadablemeta
 *(.cyloadablemeta)

.cyconfigecc    0x80000000      0x5ec
 *(.cyconfigecc)
 .cyconfigecc   0x80000000      0x5ec .\CortexM3\ARM_GCC_541\Debug\cymetadata.o
                0x80000000                cy_meta_configecc

.cycustnvl      0x90000000        0x4
 *(.cycustnvl)
 .cycustnvl     0x90000000        0x4 .\CortexM3\ARM_GCC_541\Debug\cymetadata.o
                0x90000000                cy_meta_custnvl

.cywolatch      0x90100000        0x4
 *(.cywolatch)
 .cywolatch     0x90100000        0x4 .\CortexM3\ARM_GCC_541\Debug\cymetadata.o
                0x90100000                cy_meta_wonvl

.cyeeprom       0x90200000        0x0
 *(.cyeeprom)
                0x00000001                ASSERT ((. <= ((0x90200000 + ee_offset) + ee_size)), .cyeeprom data will not fit in EEPROM)

.cyflashprotect
                0x90400000      0x100
 *(.cyflashprotect)
 .cyflashprotect
                0x90400000      0x100 .\CortexM3\ARM_GCC_541\Debug\cymetadata.o
                0x90400000                cy_meta_flashprotect

.cymeta         0x90500000        0xc
 *(.cymeta)
 .cymeta        0x90500000        0xc .\CortexM3\ARM_GCC_541\Debug\cymetadata.o
                0x90500000                cy_metadata

.rel.dyn        0x00003ad8        0x0 load address 0x9050000c
 .rel.iplt      0x00003ad8        0x0 c:/program files (x86)/cypress/psoc creator/4.2/psoc creator/import/gnu/arm/5.4.1/bin/../lib/gcc/arm-none-eabi/5.4.1/armv7-m/crtbegin.o

.stab
 *(.stab)

.stabstr
 *(.stabstr)

.debug
 *(.debug)

.line
 *(.line)

.debug_srcinfo
 *(.debug_srcinfo)

.debug_sfnames
 *(.debug_sfnames)

.debug_aranges  0x00000000      0xa60
 *(.debug_aranges)
 .debug_aranges
                0x00000000       0x48 .\CortexM3\ARM_GCC_541\Debug\main.o
 .debug_aranges
                0x00000048       0x20 .\CortexM3\ARM_GCC_541\Debug\debug.o
 .debug_aranges
                0x00000068       0x58 .\CortexM3\ARM_GCC_541\Debug\cyfitter_cfg.o
 .debug_aranges
                0x000000c0       0x18 .\CortexM3\ARM_GCC_541\Debug\cymetadata.o
 .debug_aranges
                0x000000d8       0x48 .\CortexM3\ARM_GCC_541\Debug\Cm3Start.o
 .debug_aranges
                0x00000120       0xf0 .\CortexM3\ARM_GCC_541\Debug\BCom0.3.a(UART.o)
 .debug_aranges
                0x00000210       0x70 .\CortexM3\ARM_GCC_541\Debug\BCom0.3.a(UART_IntClock.o)
 .debug_aranges
                0x00000280      0x2a0 .\CortexM3\ARM_GCC_541\Debug\BCom0.3.a(CyLib.o)
 .debug_aranges
                0x00000520       0x98 .\CortexM3\ARM_GCC_541\Debug\BCom0.3.a(cyPm.o)
 .debug_aranges
                0x000005b8       0x80 .\CortexM3\ARM_GCC_541\Debug\BCom0.3.a(isr_rx.o)
 .debug_aranges
                0x00000638       0x38 .\CortexM3\ARM_GCC_541\Debug\BCom0.3.a(StatusLed.o)
 .debug_aranges
                0x00000670       0x38 .\CortexM3\ARM_GCC_541\Debug\BCom0.3.a(Button.o)
 .debug_aranges
                0x000006a8       0x30 .\CortexM3\ARM_GCC_541\Debug\BCom0.3.a(BCom_1_BCom.o)
 .debug_aranges
                0x000006d8       0xc0 .\CortexM3\ARM_GCC_541\Debug\BCom0.3.a(StripLights.o)
 .debug_aranges
                0x00000798       0x30 .\CortexM3\ARM_GCC_541\Debug\BCom0.3.a(StripLights_fonts.o)
 .debug_aranges
                0x000007c8       0x80 .\CortexM3\ARM_GCC_541\Debug\BCom0.3.a(StripLights_fisr.o)
 .debug_aranges
                0x00000848       0x80 .\CortexM3\ARM_GCC_541\Debug\BCom0.3.a(StripLights_cisr.o)
 .debug_aranges
                0x000008c8       0x20 .\CortexM3\ARM_GCC_541\Debug\BCom0.3.a(CyBootAsmGnu.o)
 .debug_aranges
                0x000008e8       0x88 .\CortexM3\ARM_GCC_541\Debug\BCom0.3.a(CyFlash.o)
 .debug_aranges
                0x00000970       0x80 .\CortexM3\ARM_GCC_541\Debug\BCom0.3.a(CySpc.o)
 .debug_aranges
                0x000009f0       0x40 .\CortexM3\ARM_GCC_541\Debug\BCom0.3.a(BCom_1_base64.o)
 .debug_aranges
                0x00000a30       0x30 .\CortexM3\ARM_GCC_541\Debug\BCom0.3.a(BCom_1_CRC16.o)

.debug_pubnames
 *(.debug_pubnames)

.debug_info     0x00000000     0x75c2
 *(.debug_info .gnu.linkonce.wi.*)
 .debug_info    0x00000000      0x851 .\CortexM3\ARM_GCC_541\Debug\main.o
 .debug_info    0x00000851      0x40b .\CortexM3\ARM_GCC_541\Debug\debug.o
 .debug_info    0x00000c5c      0x5cd .\CortexM3\ARM_GCC_541\Debug\cyfitter_cfg.o
 .debug_info    0x00001229      0x137 .\CortexM3\ARM_GCC_541\Debug\cymetadata.o
 .debug_info    0x00001360      0x3bb .\CortexM3\ARM_GCC_541\Debug\Cm3Start.o
 .debug_info    0x0000171b      0x60c .\CortexM3\ARM_GCC_541\Debug\BCom0.3.a(UART.o)
 .debug_info    0x00001d27      0x283 .\CortexM3\ARM_GCC_541\Debug\BCom0.3.a(UART_IntClock.o)
 .debug_info    0x00001faa     0x1374 .\CortexM3\ARM_GCC_541\Debug\BCom0.3.a(CyLib.o)
 .debug_info    0x0000331e      0xa2a .\CortexM3\ARM_GCC_541\Debug\BCom0.3.a(cyPm.o)
 .debug_info    0x00003d48      0x2d2 .\CortexM3\ARM_GCC_541\Debug\BCom0.3.a(isr_rx.o)
 .debug_info    0x0000401a      0x11f .\CortexM3\ARM_GCC_541\Debug\BCom0.3.a(StatusLed.o)
 .debug_info    0x00004139      0x11f .\CortexM3\ARM_GCC_541\Debug\BCom0.3.a(Button.o)
 .debug_info    0x00004258      0x5d6 .\CortexM3\ARM_GCC_541\Debug\BCom0.3.a(BCom_1_BCom.o)
 .debug_info    0x0000482e     0x10ec .\CortexM3\ARM_GCC_541\Debug\BCom0.3.a(StripLights.o)
 .debug_info    0x0000591a      0x688 .\CortexM3\ARM_GCC_541\Debug\BCom0.3.a(StripLights_fonts.o)
 .debug_info    0x00005fa2      0x2d2 .\CortexM3\ARM_GCC_541\Debug\BCom0.3.a(StripLights_fisr.o)
 .debug_info    0x00006274      0x2d2 .\CortexM3\ARM_GCC_541\Debug\BCom0.3.a(StripLights_cisr.o)
 .debug_info    0x00006546       0xa2 .\CortexM3\ARM_GCC_541\Debug\BCom0.3.a(CyBootAsmGnu.o)
 .debug_info    0x000065e8      0x64d .\CortexM3\ARM_GCC_541\Debug\BCom0.3.a(CyFlash.o)
 .debug_info    0x00006c35      0x550 .\CortexM3\ARM_GCC_541\Debug\BCom0.3.a(CySpc.o)
 .debug_info    0x00007185      0x260 .\CortexM3\ARM_GCC_541\Debug\BCom0.3.a(BCom_1_base64.o)
 .debug_info    0x000073e5      0x1dd .\CortexM3\ARM_GCC_541\Debug\BCom0.3.a(BCom_1_CRC16.o)

.debug_abbrev   0x00000000     0x1fb0
 *(.debug_abbrev)
 .debug_abbrev  0x00000000      0x259 .\CortexM3\ARM_GCC_541\Debug\main.o
 .debug_abbrev  0x00000259      0x177 .\CortexM3\ARM_GCC_541\Debug\debug.o
 .debug_abbrev  0x000003d0      0x20d .\CortexM3\ARM_GCC_541\Debug\cyfitter_cfg.o
 .debug_abbrev  0x000005dd       0x77 .\CortexM3\ARM_GCC_541\Debug\cymetadata.o
 .debug_abbrev  0x00000654      0x1e8 .\CortexM3\ARM_GCC_541\Debug\Cm3Start.o
 .debug_abbrev  0x0000083c      0x175 .\CortexM3\ARM_GCC_541\Debug\BCom0.3.a(UART.o)
 .debug_abbrev  0x000009b1      0x139 .\CortexM3\ARM_GCC_541\Debug\BCom0.3.a(UART_IntClock.o)
 .debug_abbrev  0x00000aea      0x254 .\CortexM3\ARM_GCC_541\Debug\BCom0.3.a(CyLib.o)
 .debug_abbrev  0x00000d3e      0x1ab .\CortexM3\ARM_GCC_541\Debug\BCom0.3.a(cyPm.o)
 .debug_abbrev  0x00000ee9      0x173 .\CortexM3\ARM_GCC_541\Debug\BCom0.3.a(isr_rx.o)
 .debug_abbrev  0x0000105c       0x90 .\CortexM3\ARM_GCC_541\Debug\BCom0.3.a(StatusLed.o)
 .debug_abbrev  0x000010ec       0x90 .\CortexM3\ARM_GCC_541\Debug\BCom0.3.a(Button.o)
 .debug_abbrev  0x0000117c      0x1c7 .\CortexM3\ARM_GCC_541\Debug\BCom0.3.a(BCom_1_BCom.o)
 .debug_abbrev  0x00001343      0x2d9 .\CortexM3\ARM_GCC_541\Debug\BCom0.3.a(StripLights.o)
 .debug_abbrev  0x0000161c      0x1bc .\CortexM3\ARM_GCC_541\Debug\BCom0.3.a(StripLights_fonts.o)
 .debug_abbrev  0x000017d8      0x173 .\CortexM3\ARM_GCC_541\Debug\BCom0.3.a(StripLights_fisr.o)
 .debug_abbrev  0x0000194b      0x173 .\CortexM3\ARM_GCC_541\Debug\BCom0.3.a(StripLights_cisr.o)
 .debug_abbrev  0x00001abe       0x14 .\CortexM3\ARM_GCC_541\Debug\BCom0.3.a(CyBootAsmGnu.o)
 .debug_abbrev  0x00001ad2      0x1a7 .\CortexM3\ARM_GCC_541\Debug\BCom0.3.a(CyFlash.o)
 .debug_abbrev  0x00001c79      0x194 .\CortexM3\ARM_GCC_541\Debug\BCom0.3.a(CySpc.o)
 .debug_abbrev  0x00001e0d       0xcf .\CortexM3\ARM_GCC_541\Debug\BCom0.3.a(BCom_1_base64.o)
 .debug_abbrev  0x00001edc       0xd4 .\CortexM3\ARM_GCC_541\Debug\BCom0.3.a(BCom_1_CRC16.o)

.debug_line     0x00000000     0x2f56
 *(.debug_line)
 .debug_line    0x00000000      0x2d2 .\CortexM3\ARM_GCC_541\Debug\main.o
 .debug_line    0x000002d2      0x1a9 .\CortexM3\ARM_GCC_541\Debug\debug.o
 .debug_line    0x0000047b      0x1f5 .\CortexM3\ARM_GCC_541\Debug\cyfitter_cfg.o
 .debug_line    0x00000670      0x141 .\CortexM3\ARM_GCC_541\Debug\cymetadata.o
 .debug_line    0x000007b1      0x234 .\CortexM3\ARM_GCC_541\Debug\Cm3Start.o
 .debug_line    0x000009e5      0x2bc .\CortexM3\ARM_GCC_541\Debug\BCom0.3.a(UART.o)
 .debug_line    0x00000ca1      0x17c .\CortexM3\ARM_GCC_541\Debug\BCom0.3.a(UART_IntClock.o)
 .debug_line    0x00000e1d      0x816 .\CortexM3\ARM_GCC_541\Debug\BCom0.3.a(CyLib.o)
 .debug_line    0x00001633      0x367 .\CortexM3\ARM_GCC_541\Debug\BCom0.3.a(cyPm.o)
 .debug_line    0x0000199a      0x133 .\CortexM3\ARM_GCC_541\Debug\BCom0.3.a(isr_rx.o)
 .debug_line    0x00001acd       0x96 .\CortexM3\ARM_GCC_541\Debug\BCom0.3.a(StatusLed.o)
 .debug_line    0x00001b63       0x93 .\CortexM3\ARM_GCC_541\Debug\BCom0.3.a(Button.o)
 .debug_line    0x00001bf6      0x230 .\CortexM3\ARM_GCC_541\Debug\BCom0.3.a(BCom_1_BCom.o)
 .debug_line    0x00001e26      0x47c .\CortexM3\ARM_GCC_541\Debug\BCom0.3.a(StripLights.o)
 .debug_line    0x000022a2      0x210 .\CortexM3\ARM_GCC_541\Debug\BCom0.3.a(StripLights_fonts.o)
 .debug_line    0x000024b2      0x13d .\CortexM3\ARM_GCC_541\Debug\BCom0.3.a(StripLights_fisr.o)
 .debug_line    0x000025ef      0x13d .\CortexM3\ARM_GCC_541\Debug\BCom0.3.a(StripLights_cisr.o)
 .debug_line    0x0000272c       0x66 .\CortexM3\ARM_GCC_541\Debug\BCom0.3.a(CyBootAsmGnu.o)
 .debug_line    0x00002792      0x21a .\CortexM3\ARM_GCC_541\Debug\BCom0.3.a(CyFlash.o)
 .debug_line    0x000029ac      0x260 .\CortexM3\ARM_GCC_541\Debug\BCom0.3.a(CySpc.o)
 .debug_line    0x00002c0c       0xfb .\CortexM3\ARM_GCC_541\Debug\BCom0.3.a(BCom_1_base64.o)
 .debug_line    0x00002d07      0x24f .\CortexM3\ARM_GCC_541\Debug\BCom0.3.a(BCom_1_CRC16.o)

.debug_frame    0x00000000     0x20e0
 *(.debug_frame)
 .debug_frame   0x00000000       0xa8 .\CortexM3\ARM_GCC_541\Debug\main.o
 .debug_frame   0x000000a8       0x30 .\CortexM3\ARM_GCC_541\Debug\debug.o
 .debug_frame   0x000000d8       0xe4 .\CortexM3\ARM_GCC_541\Debug\cyfitter_cfg.o
 .debug_frame   0x000001bc       0xb8 .\CortexM3\ARM_GCC_541\Debug\Cm3Start.o
 .debug_frame   0x00000274      0x250 .\CortexM3\ARM_GCC_541\Debug\BCom0.3.a(UART.o)
 .debug_frame   0x000004c4       0xe0 .\CortexM3\ARM_GCC_541\Debug\BCom0.3.a(UART_IntClock.o)
 .debug_frame   0x000005a4      0x738 .\CortexM3\ARM_GCC_541\Debug\BCom0.3.a(CyLib.o)
 .debug_frame   0x00000cdc      0x1f8 .\CortexM3\ARM_GCC_541\Debug\BCom0.3.a(cyPm.o)
 .debug_frame   0x00000ed4      0x104 .\CortexM3\ARM_GCC_541\Debug\BCom0.3.a(isr_rx.o)
 .debug_frame   0x00000fd8       0x50 .\CortexM3\ARM_GCC_541\Debug\BCom0.3.a(StatusLed.o)
 .debug_frame   0x00001028       0x50 .\CortexM3\ARM_GCC_541\Debug\BCom0.3.a(Button.o)
 .debug_frame   0x00001078       0x6c .\CortexM3\ARM_GCC_541\Debug\BCom0.3.a(BCom_1_BCom.o)
 .debug_frame   0x000010e4      0x2a0 .\CortexM3\ARM_GCC_541\Debug\BCom0.3.a(StripLights.o)
 .debug_frame   0x00001384       0x8c .\CortexM3\ARM_GCC_541\Debug\BCom0.3.a(StripLights_fonts.o)
 .debug_frame   0x00001410      0x104 .\CortexM3\ARM_GCC_541\Debug\BCom0.3.a(StripLights_fisr.o)
 .debug_frame   0x00001514      0x104 .\CortexM3\ARM_GCC_541\Debug\BCom0.3.a(StripLights_cisr.o)
 .debug_frame   0x00001618      0x194 .\CortexM3\ARM_GCC_541\Debug\BCom0.3.a(CyFlash.o)
 .debug_frame   0x000017ac      0x180 .\CortexM3\ARM_GCC_541\Debug\BCom0.3.a(CySpc.o)
 .debug_frame   0x0000192c       0xa8 .\CortexM3\ARM_GCC_541\Debug\BCom0.3.a(BCom_1_base64.o)
 .debug_frame   0x000019d4       0x6c .\CortexM3\ARM_GCC_541\Debug\BCom0.3.a(BCom_1_CRC16.o)
 .debug_frame   0x00001a40       0x20 c:/program files (x86)/cypress/psoc creator/4.2/psoc creator/import/gnu/arm/5.4.1/bin/../lib/gcc/arm-none-eabi/5.4.1/../../../../arm-none-eabi/lib/armv7-m\libg_nano.a(lib_a-errno.o)
 .debug_frame   0x00001a60       0x28 c:/program files (x86)/cypress/psoc creator/4.2/psoc creator/import/gnu/arm/5.4.1/bin/../lib/gcc/arm-none-eabi/5.4.1/../../../../arm-none-eabi/lib/armv7-m\libg_nano.a(lib_a-exit.o)
 .debug_frame   0x00001a88       0x2c c:/program files (x86)/cypress/psoc creator/4.2/psoc creator/import/gnu/arm/5.4.1/bin/../lib/gcc/arm-none-eabi/5.4.1/../../../../arm-none-eabi/lib/armv7-m\libg_nano.a(lib_a-init.o)
 .debug_frame   0x00001ab4       0x28 c:/program files (x86)/cypress/psoc creator/4.2/psoc creator/import/gnu/arm/5.4.1/bin/../lib/gcc/arm-none-eabi/5.4.1/../../../../arm-none-eabi/lib/armv7-m\libg_nano.a(lib_a-memcpy-stub.o)
 .debug_frame   0x00001adc       0x20 c:/program files (x86)/cypress/psoc creator/4.2/psoc creator/import/gnu/arm/5.4.1/bin/../lib/gcc/arm-none-eabi/5.4.1/../../../../arm-none-eabi/lib/armv7-m\libg_nano.a(lib_a-memset.o)
 .debug_frame   0x00001afc       0x8c c:/program files (x86)/cypress/psoc creator/4.2/psoc creator/import/gnu/arm/5.4.1/bin/../lib/gcc/arm-none-eabi/5.4.1/../../../../arm-none-eabi/lib/armv7-m\libg_nano.a(lib_a-nano-vfprintf_float.o)
 .debug_frame   0x00001b88       0x60 c:/program files (x86)/cypress/psoc creator/4.2/psoc creator/import/gnu/arm/5.4.1/bin/../lib/gcc/arm-none-eabi/5.4.1/../../../../arm-none-eabi/lib/armv7-m\libg_nano.a(lib_a-nano-vfprintf_i.o)
 .debug_frame   0x00001be8       0x6c c:/program files (x86)/cypress/psoc creator/4.2/psoc creator/import/gnu/arm/5.4.1/bin/../lib/gcc/arm-none-eabi/5.4.1/../../../../arm-none-eabi/lib/armv7-m\libg_nano.a(lib_a-dtoa.o)
 .debug_frame   0x00001c54       0x98 c:/program files (x86)/cypress/psoc creator/4.2/psoc creator/import/gnu/arm/5.4.1/bin/../lib/gcc/arm-none-eabi/5.4.1/../../../../arm-none-eabi/lib/armv7-m\libg_nano.a(lib_a-locale.o)
 .debug_frame   0x00001cec       0x30 c:/program files (x86)/cypress/psoc creator/4.2/psoc creator/import/gnu/arm/5.4.1/bin/../lib/gcc/arm-none-eabi/5.4.1/../../../../arm-none-eabi/lib/armv7-m\libg_nano.a(lib_a-malloc.o)
 .debug_frame   0x00001d1c       0x28 c:/program files (x86)/cypress/psoc creator/4.2/psoc creator/import/gnu/arm/5.4.1/bin/../lib/gcc/arm-none-eabi/5.4.1/../../../../arm-none-eabi/lib/armv7-m\libg_nano.a(lib_a-memchr-stub.o)
 .debug_frame   0x00001d44      0x234 c:/program files (x86)/cypress/psoc creator/4.2/psoc creator/import/gnu/arm/5.4.1/bin/../lib/gcc/arm-none-eabi/5.4.1/../../../../arm-none-eabi/lib/armv7-m\libg_nano.a(lib_a-mprec.o)
 .debug_frame   0x00001f78       0x2c c:/program files (x86)/cypress/psoc creator/4.2/psoc creator/import/gnu/arm/5.4.1/bin/../lib/gcc/arm-none-eabi/5.4.1/../../../../arm-none-eabi/lib/armv7-m\libg_nano.a(lib_a-nano-callocr.o)
 .debug_frame   0x00001fa4       0x38 c:/program files (x86)/cypress/psoc creator/4.2/psoc creator/import/gnu/arm/5.4.1/bin/../lib/gcc/arm-none-eabi/5.4.1/../../../../arm-none-eabi/lib/armv7-m\libg_nano.a(lib_a-nano-freer.o)
 .debug_frame   0x00001fdc       0x2c c:/program files (x86)/cypress/psoc creator/4.2/psoc creator/import/gnu/arm/5.4.1/bin/../lib/gcc/arm-none-eabi/5.4.1/../../../../arm-none-eabi/lib/armv7-m\libg_nano.a(lib_a-nano-mallocr.o)
 .debug_frame   0x00002008       0x2c c:/program files (x86)/cypress/psoc creator/4.2/psoc creator/import/gnu/arm/5.4.1/bin/../lib/gcc/arm-none-eabi/5.4.1/../../../../arm-none-eabi/lib/armv7-m\libg_nano.a(lib_a-sbrkr.o)
 .debug_frame   0x00002034       0x20 c:/program files (x86)/cypress/psoc creator/4.2/psoc creator/import/gnu/arm/5.4.1/bin/../lib/gcc/arm-none-eabi/5.4.1/../../../../arm-none-eabi/lib/armv7-m\libg_nano.a(lib_a-strcmp.o)
 .debug_frame   0x00002054       0x30 c:/program files (x86)/cypress/psoc creator/4.2/psoc creator/import/gnu/arm/5.4.1/bin/../lib/gcc/arm-none-eabi/5.4.1/../../../../arm-none-eabi/lib/armv7-m\libg_nano.a(lib_a-mlock.o)
 .debug_frame   0x00002084       0x5c c:/program files (x86)/cypress/psoc creator/4.2/psoc creator/import/gnu/arm/5.4.1/bin/../lib/gcc/arm-none-eabi/5.4.1/../../../../arm-none-eabi/lib/armv7-m\libg_nano.a(lib_a-reent.o)

.debug_str      0x00000000     0x2411
 *(.debug_str)
 .debug_str     0x00000000      0x4da .\CortexM3\ARM_GCC_541\Debug\main.o
                                0x54c (size before relaxing)
 .debug_str     0x000004da       0x21 .\CortexM3\ARM_GCC_541\Debug\debug.o
                                0x384 (size before relaxing)
 .debug_str     0x000004fb      0x1a1 .\CortexM3\ARM_GCC_541\Debug\cyfitter_cfg.o
                                0x356 (size before relaxing)
 .debug_str     0x0000069c       0x75 .\CortexM3\ARM_GCC_541\Debug\cymetadata.o
                                0x1f6 (size before relaxing)
 .debug_str     0x00000711      0x13f .\CortexM3\ARM_GCC_541\Debug\Cm3Start.o
                                0x31c (size before relaxing)
 .debug_str     0x00000850      0x27d .\CortexM3\ARM_GCC_541\Debug\BCom0.3.a(UART.o)
                                0x487 (size before relaxing)
 .debug_str     0x00000acd      0x189 .\CortexM3\ARM_GCC_541\Debug\BCom0.3.a(UART_IntClock.o)
                                0x348 (size before relaxing)
 .debug_str     0x00000c56      0x80b .\CortexM3\ARM_GCC_541\Debug\BCom0.3.a(CyLib.o)
                                0xa59 (size before relaxing)
 .debug_str     0x00001461      0x365 .\CortexM3\ARM_GCC_541\Debug\BCom0.3.a(cyPm.o)
                                0x745 (size before relaxing)
 .debug_str     0x000017c6       0xd1 .\CortexM3\ARM_GCC_541\Debug\BCom0.3.a(isr_rx.o)
                                0x2c6 (size before relaxing)
 .debug_str     0x00001897       0x6a .\CortexM3\ARM_GCC_541\Debug\BCom0.3.a(StatusLed.o)
                                0x208 (size before relaxing)
 .debug_str     0x00001901       0x54 .\CortexM3\ARM_GCC_541\Debug\BCom0.3.a(Button.o)
                                0x1f9 (size before relaxing)
 .debug_str     0x00001955       0xb2 .\CortexM3\ARM_GCC_541\Debug\BCom0.3.a(BCom_1_BCom.o)
                                0x44b (size before relaxing)
 .debug_str     0x00001a07      0x31e .\CortexM3\ARM_GCC_541\Debug\BCom0.3.a(StripLights.o)
                                0x705 (size before relaxing)
 .debug_str     0x00001d25       0xee .\CortexM3\ARM_GCC_541\Debug\BCom0.3.a(StripLights_fonts.o)
                                0x4ac (size before relaxing)
 .debug_str     0x00001e13      0x167 .\CortexM3\ARM_GCC_541\Debug\BCom0.3.a(StripLights_fisr.o)
                                0x352 (size before relaxing)
 .debug_str     0x00001f7a      0x167 .\CortexM3\ARM_GCC_541\Debug\BCom0.3.a(StripLights_cisr.o)
                                0x352 (size before relaxing)
 .debug_str     0x000020e1      0x1b4 .\CortexM3\ARM_GCC_541\Debug\BCom0.3.a(CyFlash.o)
                                0x3d2 (size before relaxing)
 .debug_str     0x00002295       0xac .\CortexM3\ARM_GCC_541\Debug\BCom0.3.a(CySpc.o)
                                0x34a (size before relaxing)
 .debug_str     0x00002341       0x5a .\CortexM3\ARM_GCC_541\Debug\BCom0.3.a(BCom_1_base64.o)
                                0x1f0 (size before relaxing)
 .debug_str     0x0000239b       0x76 .\CortexM3\ARM_GCC_541\Debug\BCom0.3.a(BCom_1_CRC16.o)
                                0x218 (size before relaxing)

.debug_loc      0x00000000     0x3506
 *(.debug_loc)
 .debug_loc     0x00000000      0x188 .\CortexM3\ARM_GCC_541\Debug\main.o
 .debug_loc     0x00000188       0x87 .\CortexM3\ARM_GCC_541\Debug\debug.o
 .debug_loc     0x0000020f      0x288 .\CortexM3\ARM_GCC_541\Debug\cyfitter_cfg.o
 .debug_loc     0x00000497      0x144 .\CortexM3\ARM_GCC_541\Debug\Cm3Start.o
 .debug_loc     0x000005db      0x258 .\CortexM3\ARM_GCC_541\Debug\BCom0.3.a(UART.o)
 .debug_loc     0x00000833      0x128 .\CortexM3\ARM_GCC_541\Debug\BCom0.3.a(UART_IntClock.o)
 .debug_loc     0x0000095b      0xa11 .\CortexM3\ARM_GCC_541\Debug\BCom0.3.a(CyLib.o)
 .debug_loc     0x0000136c      0x1e4 .\CortexM3\ARM_GCC_541\Debug\BCom0.3.a(cyPm.o)
 .debug_loc     0x00001550       0x56 .\CortexM3\ARM_GCC_541\Debug\BCom0.3.a(isr_rx.o)
 .debug_loc     0x000015a6       0x42 .\CortexM3\ARM_GCC_541\Debug\BCom0.3.a(StatusLed.o)
 .debug_loc     0x000015e8       0x42 .\CortexM3\ARM_GCC_541\Debug\BCom0.3.a(Button.o)
 .debug_loc     0x0000162a      0x2c9 .\CortexM3\ARM_GCC_541\Debug\BCom0.3.a(BCom_1_BCom.o)
 .debug_loc     0x000018f3      0x98f .\CortexM3\ARM_GCC_541\Debug\BCom0.3.a(StripLights.o)
 .debug_loc     0x00002282      0x254 .\CortexM3\ARM_GCC_541\Debug\BCom0.3.a(StripLights_fonts.o)
 .debug_loc     0x000024d6       0x56 .\CortexM3\ARM_GCC_541\Debug\BCom0.3.a(StripLights_fisr.o)
 .debug_loc     0x0000252c       0x56 .\CortexM3\ARM_GCC_541\Debug\BCom0.3.a(StripLights_cisr.o)
 .debug_loc     0x00002582      0x3b2 .\CortexM3\ARM_GCC_541\Debug\BCom0.3.a(CyFlash.o)
 .debug_loc     0x00002934      0x705 .\CortexM3\ARM_GCC_541\Debug\BCom0.3.a(CySpc.o)
 .debug_loc     0x00003039      0x30c .\CortexM3\ARM_GCC_541\Debug\BCom0.3.a(BCom_1_base64.o)
 .debug_loc     0x00003345      0x1c1 .\CortexM3\ARM_GCC_541\Debug\BCom0.3.a(BCom_1_CRC16.o)

.debug_macinfo
 *(.debug_macinfo)

.debug_ranges   0x00000000      0x8e8
 *(.debug_ranges)
 .debug_ranges  0x00000000       0x38 .\CortexM3\ARM_GCC_541\Debug\main.o
 .debug_ranges  0x00000038       0x10 .\CortexM3\ARM_GCC_541\Debug\debug.o
 .debug_ranges  0x00000048       0x48 .\CortexM3\ARM_GCC_541\Debug\cyfitter_cfg.o
 .debug_ranges  0x00000090       0x38 .\CortexM3\ARM_GCC_541\Debug\Cm3Start.o
 .debug_ranges  0x000000c8       0xe0 .\CortexM3\ARM_GCC_541\Debug\BCom0.3.a(UART.o)
 .debug_ranges  0x000001a8       0x60 .\CortexM3\ARM_GCC_541\Debug\BCom0.3.a(UART_IntClock.o)
 .debug_ranges  0x00000208      0x290 .\CortexM3\ARM_GCC_541\Debug\BCom0.3.a(CyLib.o)
 .debug_ranges  0x00000498       0x88 .\CortexM3\ARM_GCC_541\Debug\BCom0.3.a(cyPm.o)
 .debug_ranges  0x00000520       0x70 .\CortexM3\ARM_GCC_541\Debug\BCom0.3.a(isr_rx.o)
 .debug_ranges  0x00000590       0x28 .\CortexM3\ARM_GCC_541\Debug\BCom0.3.a(StatusLed.o)
 .debug_ranges  0x000005b8       0x28 .\CortexM3\ARM_GCC_541\Debug\BCom0.3.a(Button.o)
 .debug_ranges  0x000005e0       0x20 .\CortexM3\ARM_GCC_541\Debug\BCom0.3.a(BCom_1_BCom.o)
 .debug_ranges  0x00000600       0xb0 .\CortexM3\ARM_GCC_541\Debug\BCom0.3.a(StripLights.o)
 .debug_ranges  0x000006b0       0x20 .\CortexM3\ARM_GCC_541\Debug\BCom0.3.a(StripLights_fonts.o)
 .debug_ranges  0x000006d0       0x70 .\CortexM3\ARM_GCC_541\Debug\BCom0.3.a(StripLights_fisr.o)
 .debug_ranges  0x00000740       0x70 .\CortexM3\ARM_GCC_541\Debug\BCom0.3.a(StripLights_cisr.o)
 .debug_ranges  0x000007b0       0x78 .\CortexM3\ARM_GCC_541\Debug\BCom0.3.a(CyFlash.o)
 .debug_ranges  0x00000828       0x70 .\CortexM3\ARM_GCC_541\Debug\BCom0.3.a(CySpc.o)
 .debug_ranges  0x00000898       0x30 .\CortexM3\ARM_GCC_541\Debug\BCom0.3.a(BCom_1_base64.o)
 .debug_ranges  0x000008c8       0x20 .\CortexM3\ARM_GCC_541\Debug\BCom0.3.a(BCom_1_CRC16.o)

.comment        0x00000000       0x6e
 .comment       0x00000000       0x6e .\CortexM3\ARM_GCC_541\Debug\main.o
                                 0x6f (size before relaxing)
 .comment       0x0000006e       0x6f .\CortexM3\ARM_GCC_541\Debug\debug.o
 .comment       0x0000006e       0x6f .\CortexM3\ARM_GCC_541\Debug\cyfitter_cfg.o
 .comment       0x0000006e       0x6f .\CortexM3\ARM_GCC_541\Debug\cymetadata.o
 .comment       0x0000006e       0x6f .\CortexM3\ARM_GCC_541\Debug\Cm3Start.o
 .comment       0x0000006e       0x6f .\CortexM3\ARM_GCC_541\Debug\BCom0.3.a(UART.o)
 .comment       0x0000006e       0x6f .\CortexM3\ARM_GCC_541\Debug\BCom0.3.a(UART_IntClock.o)
 .comment       0x0000006e       0x6f .\CortexM3\ARM_GCC_541\Debug\BCom0.3.a(CyLib.o)
 .comment       0x0000006e       0x6f .\CortexM3\ARM_GCC_541\Debug\BCom0.3.a(cyPm.o)
 .comment       0x0000006e       0x6f .\CortexM3\ARM_GCC_541\Debug\BCom0.3.a(isr_rx.o)
 .comment       0x0000006e       0x6f .\CortexM3\ARM_GCC_541\Debug\BCom0.3.a(StatusLed.o)
 .comment       0x0000006e       0x6f .\CortexM3\ARM_GCC_541\Debug\BCom0.3.a(Button.o)
 .comment       0x0000006e       0x6f .\CortexM3\ARM_GCC_541\Debug\BCom0.3.a(BCom_1_BCom.o)
 .comment       0x0000006e       0x6f .\CortexM3\ARM_GCC_541\Debug\BCom0.3.a(StripLights.o)
 .comment       0x0000006e       0x6f .\CortexM3\ARM_GCC_541\Debug\BCom0.3.a(StripLights_fonts.o)
 .comment       0x0000006e       0x6f .\CortexM3\ARM_GCC_541\Debug\BCom0.3.a(StripLights_fisr.o)
 .comment       0x0000006e       0x6f .\CortexM3\ARM_GCC_541\Debug\BCom0.3.a(StripLights_cisr.o)
 .comment       0x0000006e       0x6f .\CortexM3\ARM_GCC_541\Debug\BCom0.3.a(CyFlash.o)
 .comment       0x0000006e       0x6f .\CortexM3\ARM_GCC_541\Debug\BCom0.3.a(CySpc.o)
 .comment       0x0000006e       0x6f .\CortexM3\ARM_GCC_541\Debug\BCom0.3.a(BCom_1_base64.o)
 .comment       0x0000006e       0x6f .\CortexM3\ARM_GCC_541\Debug\BCom0.3.a(BCom_1_CRC16.o)

.debug_weaknames
 *(.debug_weaknames)

.debug_funcnames
 *(.debug_funcnames)

.debug_typenames
 *(.debug_typenames)

.debug_varnames
 *(.debug_varnames)

.note.gnu.arm.ident
 *(.note.gnu.arm.ident)

.ARM.attributes
                0x00000000       0x29
 *(.ARM.attributes)
 .ARM.attributes
                0x00000000       0x1d c:/program files (x86)/cypress/psoc creator/4.2/psoc creator/import/gnu/arm/5.4.1/bin/../lib/gcc/arm-none-eabi/5.4.1/armv7-m/crti.o
 .ARM.attributes
                0x0000001d       0x2d c:/program files (x86)/cypress/psoc creator/4.2/psoc creator/import/gnu/arm/5.4.1/bin/../lib/gcc/arm-none-eabi/5.4.1/armv7-m/crtbegin.o
 .ARM.attributes
                0x0000004a       0x1b c:/program files (x86)/cypress/psoc creator/4.2/psoc creator/import/gnu/arm/5.4.1/bin/../lib/gcc/arm-none-eabi/5.4.1/../../../../arm-none-eabi/lib/armv7-m/crt0.o
 .ARM.attributes
                0x00000065       0x33 .\CortexM3\ARM_GCC_541\Debug\main.o
 .ARM.attributes
                0x00000098       0x33 .\CortexM3\ARM_GCC_541\Debug\debug.o
 .ARM.attributes
                0x000000cb       0x33 .\CortexM3\ARM_GCC_541\Debug\cyfitter_cfg.o
 .ARM.attributes
                0x000000fe       0x33 .\CortexM3\ARM_GCC_541\Debug\cymetadata.o
 .ARM.attributes
                0x00000131       0x33 .\CortexM3\ARM_GCC_541\Debug\Cm3Start.o
 .ARM.attributes
                0x00000164       0x33 .\CortexM3\ARM_GCC_541\Debug\BCom0.3.a(UART.o)
 .ARM.attributes
                0x00000197       0x33 .\CortexM3\ARM_GCC_541\Debug\BCom0.3.a(UART_IntClock.o)
 .ARM.attributes
                0x000001ca       0x33 .\CortexM3\ARM_GCC_541\Debug\BCom0.3.a(CyLib.o)
 .ARM.attributes
                0x000001fd       0x33 .\CortexM3\ARM_GCC_541\Debug\BCom0.3.a(cyPm.o)
 .ARM.attributes
                0x00000230       0x33 .\CortexM3\ARM_GCC_541\Debug\BCom0.3.a(isr_rx.o)
 .ARM.attributes
                0x00000263       0x33 .\CortexM3\ARM_GCC_541\Debug\BCom0.3.a(StatusLed.o)
 .ARM.attributes
                0x00000296       0x33 .\CortexM3\ARM_GCC_541\Debug\BCom0.3.a(Button.o)
 .ARM.attributes
                0x000002c9       0x33 .\CortexM3\ARM_GCC_541\Debug\BCom0.3.a(BCom_1_BCom.o)
 .ARM.attributes
                0x000002fc       0x33 .\CortexM3\ARM_GCC_541\Debug\BCom0.3.a(StripLights.o)
 .ARM.attributes
                0x0000032f       0x33 .\CortexM3\ARM_GCC_541\Debug\BCom0.3.a(StripLights_fonts.o)
 .ARM.attributes
                0x00000362       0x33 .\CortexM3\ARM_GCC_541\Debug\BCom0.3.a(StripLights_fisr.o)
 .ARM.attributes
                0x00000395       0x33 .\CortexM3\ARM_GCC_541\Debug\BCom0.3.a(StripLights_cisr.o)
 .ARM.attributes
                0x000003c8       0x21 .\CortexM3\ARM_GCC_541\Debug\BCom0.3.a(CyBootAsmGnu.o)
 .ARM.attributes
                0x000003e9       0x33 .\CortexM3\ARM_GCC_541\Debug\BCom0.3.a(CyFlash.o)
 .ARM.attributes
                0x0000041c       0x33 .\CortexM3\ARM_GCC_541\Debug\BCom0.3.a(CySpc.o)
 .ARM.attributes
                0x0000044f       0x33 .\CortexM3\ARM_GCC_541\Debug\BCom0.3.a(BCom_1_base64.o)
 .ARM.attributes
                0x00000482       0x33 .\CortexM3\ARM_GCC_541\Debug\BCom0.3.a(BCom_1_CRC16.o)
 .ARM.attributes
                0x000004b5       0x1d c:/program files (x86)/cypress/psoc creator/4.2/psoc creator/import/gnu/arm/5.4.1/bin/../lib/gcc/arm-none-eabi/5.4.1/armv7-m\libgcc.a(_arm_addsubdf3.o)
 .ARM.attributes
                0x000004d2       0x1d c:/program files (x86)/cypress/psoc creator/4.2/psoc creator/import/gnu/arm/5.4.1/bin/../lib/gcc/arm-none-eabi/5.4.1/armv7-m\libgcc.a(_arm_addsubsf3.o)
 .ARM.attributes
                0x000004ef       0x1d c:/program files (x86)/cypress/psoc creator/4.2/psoc creator/import/gnu/arm/5.4.1/bin/../lib/gcc/arm-none-eabi/5.4.1/armv7-m\libgcc.a(_arm_muldivsf3.o)
 .ARM.attributes
                0x0000050c       0x1d c:/program files (x86)/cypress/psoc creator/4.2/psoc creator/import/gnu/arm/5.4.1/bin/../lib/gcc/arm-none-eabi/5.4.1/armv7-m\libgcc.a(_arm_cmpsf2.o)
 .ARM.attributes
                0x00000529       0x1d c:/program files (x86)/cypress/psoc creator/4.2/psoc creator/import/gnu/arm/5.4.1/bin/../lib/gcc/arm-none-eabi/5.4.1/armv7-m\libgcc.a(_arm_fixsfsi.o)
 .ARM.attributes
                0x00000546       0x2d c:/program files (x86)/cypress/psoc creator/4.2/psoc creator/import/gnu/arm/5.4.1/bin/../lib/gcc/arm-none-eabi/5.4.1/../../../../arm-none-eabi/lib/armv7-m\libg_nano.a(lib_a-errno.o)
 .ARM.attributes
                0x00000573       0x2d c:/program files (x86)/cypress/psoc creator/4.2/psoc creator/import/gnu/arm/5.4.1/bin/../lib/gcc/arm-none-eabi/5.4.1/../../../../arm-none-eabi/lib/armv7-m\libg_nano.a(lib_a-exit.o)
 .ARM.attributes
                0x000005a0       0x2d c:/program files (x86)/cypress/psoc creator/4.2/psoc creator/import/gnu/arm/5.4.1/bin/../lib/gcc/arm-none-eabi/5.4.1/../../../../arm-none-eabi/lib/armv7-m\libg_nano.a(lib_a-impure.o)
 .ARM.attributes
                0x000005cd       0x2d c:/program files (x86)/cypress/psoc creator/4.2/psoc creator/import/gnu/arm/5.4.1/bin/../lib/gcc/arm-none-eabi/5.4.1/../../../../arm-none-eabi/lib/armv7-m\libg_nano.a(lib_a-init.o)
 .ARM.attributes
                0x000005fa       0x2d c:/program files (x86)/cypress/psoc creator/4.2/psoc creator/import/gnu/arm/5.4.1/bin/../lib/gcc/arm-none-eabi/5.4.1/../../../../arm-none-eabi/lib/armv7-m\libg_nano.a(lib_a-memcpy-stub.o)
 .ARM.attributes
                0x00000627       0x2d c:/program files (x86)/cypress/psoc creator/4.2/psoc creator/import/gnu/arm/5.4.1/bin/../lib/gcc/arm-none-eabi/5.4.1/../../../../arm-none-eabi/lib/armv7-m\libg_nano.a(lib_a-memset.o)
 .ARM.attributes
                0x00000654       0x2d c:/program files (x86)/cypress/psoc creator/4.2/psoc creator/import/gnu/arm/5.4.1/bin/../lib/gcc/arm-none-eabi/5.4.1/../../../../arm-none-eabi/lib/armv7-m\libg_nano.a(lib_a-nano-vfprintf_float.o)
 .ARM.attributes
                0x00000681       0x2d c:/program files (x86)/cypress/psoc creator/4.2/psoc creator/import/gnu/arm/5.4.1/bin/../lib/gcc/arm-none-eabi/5.4.1/../../../../arm-none-eabi/lib/armv7-m\libg_nano.a(lib_a-nano-vfprintf_i.o)
 .ARM.attributes
                0x000006ae       0x17 c:/program files (x86)/cypress/psoc creator/4.2/psoc creator/import/gnu/arm/5.4.1/bin/../lib/gcc/arm-none-eabi/5.4.1/../../../../arm-none-eabi/lib/armv7-m\libg_nano.a(lib_a-strlen.o)
 .ARM.attributes
                0x000006c5       0x2d c:/program files (x86)/cypress/psoc creator/4.2/psoc creator/import/gnu/arm/5.4.1/bin/../lib/gcc/arm-none-eabi/5.4.1/../../../../arm-none-eabi/lib/armv7-m\libg_nano.a(lib_a-dtoa.o)
 .ARM.attributes
                0x000006f2       0x2d c:/program files (x86)/cypress/psoc creator/4.2/psoc creator/import/gnu/arm/5.4.1/bin/../lib/gcc/arm-none-eabi/5.4.1/../../../../arm-none-eabi/lib/armv7-m\libg_nano.a(lib_a-locale.o)
 .ARM.attributes
                0x0000071f       0x2d c:/program files (x86)/cypress/psoc creator/4.2/psoc creator/import/gnu/arm/5.4.1/bin/../lib/gcc/arm-none-eabi/5.4.1/../../../../arm-none-eabi/lib/armv7-m\libg_nano.a(lib_a-malloc.o)
 .ARM.attributes
                0x0000074c       0x2d c:/program files (x86)/cypress/psoc creator/4.2/psoc creator/import/gnu/arm/5.4.1/bin/../lib/gcc/arm-none-eabi/5.4.1/../../../../arm-none-eabi/lib/armv7-m\libg_nano.a(lib_a-memchr-stub.o)
 .ARM.attributes
                0x00000779       0x2d c:/program files (x86)/cypress/psoc creator/4.2/psoc creator/import/gnu/arm/5.4.1/bin/../lib/gcc/arm-none-eabi/5.4.1/../../../../arm-none-eabi/lib/armv7-m\libg_nano.a(lib_a-mprec.o)
 .ARM.attributes
                0x000007a6       0x2d c:/program files (x86)/cypress/psoc creator/4.2/psoc creator/import/gnu/arm/5.4.1/bin/../lib/gcc/arm-none-eabi/5.4.1/../../../../arm-none-eabi/lib/armv7-m\libg_nano.a(lib_a-nano-callocr.o)
 .ARM.attributes
                0x000007d3       0x2d c:/program files (x86)/cypress/psoc creator/4.2/psoc creator/import/gnu/arm/5.4.1/bin/../lib/gcc/arm-none-eabi/5.4.1/../../../../arm-none-eabi/lib/armv7-m\libg_nano.a(lib_a-nano-freer.o)
 .ARM.attributes
                0x00000800       0x2d c:/program files (x86)/cypress/psoc creator/4.2/psoc creator/import/gnu/arm/5.4.1/bin/../lib/gcc/arm-none-eabi/5.4.1/../../../../arm-none-eabi/lib/armv7-m\libg_nano.a(lib_a-nano-mallocr.o)
 .ARM.attributes
                0x0000082d       0x2d c:/program files (x86)/cypress/psoc creator/4.2/psoc creator/import/gnu/arm/5.4.1/bin/../lib/gcc/arm-none-eabi/5.4.1/../../../../arm-none-eabi/lib/armv7-m\libg_nano.a(lib_a-sbrkr.o)
 .ARM.attributes
                0x0000085a       0x1b c:/program files (x86)/cypress/psoc creator/4.2/psoc creator/import/gnu/arm/5.4.1/bin/../lib/gcc/arm-none-eabi/5.4.1/../../../../arm-none-eabi/lib/armv7-m\libg_nano.a(lib_a-strcmp.o)
 .ARM.attributes
                0x00000875       0x2d c:/program files (x86)/cypress/psoc creator/4.2/psoc creator/import/gnu/arm/5.4.1/bin/../lib/gcc/arm-none-eabi/5.4.1/../../../../arm-none-eabi/lib/armv7-m\libg_nano.a(lib_a-mlock.o)
 .ARM.attributes
                0x000008a2       0x2d c:/program files (x86)/cypress/psoc creator/4.2/psoc creator/import/gnu/arm/5.4.1/bin/../lib/gcc/arm-none-eabi/5.4.1/../../../../arm-none-eabi/lib/armv7-m\libg_nano.a(lib_a-reent.o)
 .ARM.attributes
                0x000008cf       0x1d c:/program files (x86)/cypress/psoc creator/4.2/psoc creator/import/gnu/arm/5.4.1/bin/../lib/gcc/arm-none-eabi/5.4.1/armv7-m\libgcc.a(_arm_muldivdf3.o)
 .ARM.attributes
                0x000008ec       0x1d c:/program files (x86)/cypress/psoc creator/4.2/psoc creator/import/gnu/arm/5.4.1/bin/../lib/gcc/arm-none-eabi/5.4.1/armv7-m\libgcc.a(_arm_cmpdf2.o)
 .ARM.attributes
                0x00000909       0x1d c:/program files (x86)/cypress/psoc creator/4.2/psoc creator/import/gnu/arm/5.4.1/bin/../lib/gcc/arm-none-eabi/5.4.1/armv7-m\libgcc.a(_arm_unorddf2.o)
 .ARM.attributes
                0x00000926       0x1d c:/program files (x86)/cypress/psoc creator/4.2/psoc creator/import/gnu/arm/5.4.1/bin/../lib/gcc/arm-none-eabi/5.4.1/armv7-m\libgcc.a(_arm_fixdfsi.o)
 .ARM.attributes
                0x00000943       0x2d c:/program files (x86)/cypress/psoc creator/4.2/psoc creator/import/gnu/arm/5.4.1/bin/../lib/gcc/arm-none-eabi/5.4.1/armv7-m/crtend.o
 .ARM.attributes
                0x00000970       0x1d c:/program files (x86)/cypress/psoc creator/4.2/psoc creator/import/gnu/arm/5.4.1/bin/../lib/gcc/arm-none-eabi/5.4.1/armv7-m/crtn.o

/DISCARD/
 *(.note.GNU-stack)
OUTPUT(C:\Users\matij\source\Workspaces\Embedded\PSoC\Libraries\Ontwikkeling\BCom0.3.cydsn\CortexM3\ARM_GCC_541\Debug\BCom0.3.elf elf32-littlearm)
