Archive member included to satisfy reference by file (symbol)

.\CortexM3\ARM_GCC_541\Release\BCom0.3.a(UART.o)
                              .\CortexM3\ARM_GCC_541\Release\main.o (UART_Start)
.\CortexM3\ARM_GCC_541\Release\BCom0.3.a(UART_IntClock.o)
                              .\CortexM3\ARM_GCC_541\Release\BCom0.3.a(UART.o) (UART_IntClock_Start)
.\CortexM3\ARM_GCC_541\Release\BCom0.3.a(CyLib.o)
                              .\CortexM3\ARM_GCC_541\Release\Cm3Start.o (CyHalt)
.\CortexM3\ARM_GCC_541\Release\BCom0.3.a(cyPm.o)
                              .\CortexM3\ARM_GCC_541\Release\BCom0.3.a(CyLib.o) (CyPmReadStatus)
.\CortexM3\ARM_GCC_541\Release\BCom0.3.a(isr_rx.o)
                              .\CortexM3\ARM_GCC_541\Release\main.o (isr_rx_StartEx)
.\CortexM3\ARM_GCC_541\Release\BCom0.3.a(StatusLed.o)
                              .\CortexM3\ARM_GCC_541\Release\main.o (StatusLed_Write)
.\CortexM3\ARM_GCC_541\Release\BCom0.3.a(Button.o)
                              .\CortexM3\ARM_GCC_541\Release\main.o (Button_Read)
.\CortexM3\ARM_GCC_541\Release\BCom0.3.a(BCom_1_BCom.o)
                              .\CortexM3\ARM_GCC_541\Release\main.o (Transport)
.\CortexM3\ARM_GCC_541\Release\BCom0.3.a(StripLights.o)
                              .\CortexM3\ARM_GCC_541\Release\main.o (StripLights_MemClear)
.\CortexM3\ARM_GCC_541\Release\BCom0.3.a(StripLights_fonts.o)
                              .\CortexM3\ARM_GCC_541\Release\BCom0.3.a(StripLights.o) (StripLights_SetFont)
.\CortexM3\ARM_GCC_541\Release\BCom0.3.a(StripLights_fisr.o)
                              .\CortexM3\ARM_GCC_541\Release\BCom0.3.a(StripLights.o) (StripLights_fisr_StartEx)
.\CortexM3\ARM_GCC_541\Release\BCom0.3.a(StripLights_cisr.o)
                              .\CortexM3\ARM_GCC_541\Release\BCom0.3.a(StripLights.o) (StripLights_cisr_StartEx)
.\CortexM3\ARM_GCC_541\Release\BCom0.3.a(CyBootAsmGnu.o)
                              .\CortexM3\ARM_GCC_541\Release\cyfitter_cfg.o (CyDelayCycles)
.\CortexM3\ARM_GCC_541\Release\BCom0.3.a(CyFlash.o)
                              .\CortexM3\ARM_GCC_541\Release\BCom0.3.a(cyPm.o) (CyFlash_SetWaitCycles)
.\CortexM3\ARM_GCC_541\Release\BCom0.3.a(CySpc.o)
                              .\CortexM3\ARM_GCC_541\Release\BCom0.3.a(CyFlash.o) (CySpcStart)
.\CortexM3\ARM_GCC_541\Release\BCom0.3.a(BCom_1_base64.o)
                              .\CortexM3\ARM_GCC_541\Release\BCom0.3.a(BCom_1_BCom.o) (b64_encode)
.\CortexM3\ARM_GCC_541\Release\BCom0.3.a(BCom_1_CRC16.o)
                              .\CortexM3\ARM_GCC_541\Release\BCom0.3.a(BCom_1_BCom.o) (crc_16)
c:/program files (x86)/cypress/psoc creator/4.2/psoc creator/import/gnu/arm/5.4.1/bin/../lib/gcc/arm-none-eabi/5.4.1/armv7-m\libgcc.a(_arm_addsubdf3.o)
                              .\CortexM3\ARM_GCC_541\Release\BCom0.3.a(StripLights.o) (__aeabi_f2d)
c:/program files (x86)/cypress/psoc creator/4.2/psoc creator/import/gnu/arm/5.4.1/bin/../lib/gcc/arm-none-eabi/5.4.1/armv7-m\libgcc.a(_arm_addsubsf3.o)
                              .\CortexM3\ARM_GCC_541\Release\BCom0.3.a(StripLights.o) (__aeabi_fsub)
c:/program files (x86)/cypress/psoc creator/4.2/psoc creator/import/gnu/arm/5.4.1/bin/../lib/gcc/arm-none-eabi/5.4.1/armv7-m\libgcc.a(_arm_muldivsf3.o)
                              .\CortexM3\ARM_GCC_541\Release\BCom0.3.a(StripLights.o) (__aeabi_fmul)
c:/program files (x86)/cypress/psoc creator/4.2/psoc creator/import/gnu/arm/5.4.1/bin/../lib/gcc/arm-none-eabi/5.4.1/armv7-m\libgcc.a(_arm_cmpsf2.o)
                              .\CortexM3\ARM_GCC_541\Release\BCom0.3.a(StripLights.o) (__aeabi_fcmpeq)
c:/program files (x86)/cypress/psoc creator/4.2/psoc creator/import/gnu/arm/5.4.1/bin/../lib/gcc/arm-none-eabi/5.4.1/armv7-m\libgcc.a(_arm_fixsfsi.o)
                              .\CortexM3\ARM_GCC_541\Release\BCom0.3.a(StripLights.o) (__aeabi_f2iz)
c:/program files (x86)/cypress/psoc creator/4.2/psoc creator/import/gnu/arm/5.4.1/bin/../lib/gcc/arm-none-eabi/5.4.1/../../../../arm-none-eabi/lib/armv7-m\libg_nano.a(lib_a-errno.o)
                              .\CortexM3\ARM_GCC_541\Release\Cm3Start.o (__errno)
c:/program files (x86)/cypress/psoc creator/4.2/psoc creator/import/gnu/arm/5.4.1/bin/../lib/gcc/arm-none-eabi/5.4.1/../../../../arm-none-eabi/lib/armv7-m\libg_nano.a(lib_a-exit.o)
                              c:/program files (x86)/cypress/psoc creator/4.2/psoc creator/import/gnu/arm/5.4.1/bin/../lib/gcc/arm-none-eabi/5.4.1/../../../../arm-none-eabi/lib/armv7-m/crt0.o (exit)
c:/program files (x86)/cypress/psoc creator/4.2/psoc creator/import/gnu/arm/5.4.1/bin/../lib/gcc/arm-none-eabi/5.4.1/../../../../arm-none-eabi/lib/armv7-m\libg_nano.a(lib_a-impure.o)
                              c:/program files (x86)/cypress/psoc creator/4.2/psoc creator/import/gnu/arm/5.4.1/bin/../lib/gcc/arm-none-eabi/5.4.1/../../../../arm-none-eabi/lib/armv7-m\libg_nano.a(lib_a-exit.o) (_global_impure_ptr)
[...]
Memory Configuration

Name             Origin             Length             Attributes
rom              0x00000000         0x00040000         xr
ram              0x1fff8000         0x00010000         xrw
*default*        0x00000000         0xffffffff

Linker script and memory map

LOAD c:/program files (x86)/cypress/psoc creator/4.2/psoc creator/import/gnu/arm/5.4.1/bin/../lib/gcc/arm-none-eabi/5.4.1/armv7-m/crti.o
LOAD c:/program files (x86)/cypress/psoc creator/4.2/psoc creator/import/gnu/arm/5.4.1/bin/../lib/gcc/arm-none-eabi/5.4.1/armv7-m/crtbegin.o
LOAD c:/program files (x86)/cypress/psoc creator/4.2/psoc creator/import/gnu/arm/5.4.1/bin/../lib/gcc/arm-none-eabi/5.4.1/../../../../arm-none-eabi/lib/armv7-m/crt0.o
START GROUP
LOAD .\CortexM3\ARM_GCC_541\Release\main.o
LOAD .\CortexM3\ARM_GCC_541\Release\debug.o
LOAD .\CortexM3\ARM_GCC_541\Release\cyfitter_cfg.o
LOAD .\CortexM3\ARM_GCC_541\Release\cymetadata.o
LOAD .\CortexM3\ARM_GCC_541\Release\Cm3Start.o
LOAD .\CortexM3\ARM_GCC_541\Release\BCom0.3.a
LOAD C:\Program Files (x86)\Cypress\PSoC Creator\4.2\PSoC Creator\psoc\content\cycomponentlibrary\CyComponentLibrary.cylib\CortexM3\ARM_GCC_541\Release\CyComponentLibrary.a
END GROUP
START GROUP
LOAD c:/program files (x86)/cypress/psoc creator/4.2/psoc creator/import/gnu/arm/5.4.1/bin/../lib/gcc/arm-none-eabi/5.4.1/armv7-m\libgcc.a
LOAD c:/program files (x86)/cypress/psoc creator/4.2/psoc creator/import/gnu/arm/5.4.1/bin/../lib/gcc/arm-none-eabi/5.4.1/../../../../arm-none-eabi/lib/armv7-m\libg_nano.a
LOAD c:/program files (x86)/cypress/psoc creator/4.2/psoc creator/import/gnu/arm/5.4.1/bin/../lib/gcc/arm-none-eabi/5.4.1/../../../../arm-none-eabi/lib/armv7-m\libc_nano.a
END GROUP
START GROUP
LOAD c:/program files (x86)/cypress/psoc creator/4.2/psoc creator/import/gnu/arm/5.4.1/bin/../lib/gcc/arm-none-eabi/5.4.1/armv7-m\libgcc.a
LOAD c:/program files (x86)/cypress/psoc creator/4.2/psoc creator/import/gnu/arm/5.4.1/bin/../lib/gcc/arm-none-eabi/5.4.1/../../../../arm-none-eabi/lib/armv7-m\libc_nano.a
END GROUP
LOAD c:/program files (x86)/cypress/psoc creator/4.2/psoc creator/import/gnu/arm/5.4.1/bin/../lib/gcc/arm-none-eabi/5.4.1/armv7-m/crtend.o
LOAD c:/program files (x86)/cypress/psoc creator/4.2/psoc creator/import/gnu/arm/5.4.1/bin/../lib/gcc/arm-none-eabi/5.4.1/armv7-m/crtn.o
START GROUP
LOAD c:/program files (x86)/cypress/psoc creator/4.2/psoc creator/import/gnu/arm/5.4.1/bin/../lib/gcc/arm-none-eabi/5.4.1/armv7-m\libgcc.a
LOAD c:/program files (x86)/cypress/psoc creator/4.2/psoc creator/import/gnu/arm/5.4.1/bin/../lib/gcc/arm-none-eabi/5.4.1/../../../../arm-none-eabi/lib/armv7-m\libc.a
LOAD c:/program files (x86)/cypress/psoc creator/4.2/psoc creator/import/gnu/arm/5.4.1/bin/../lib/gcc/arm-none-eabi/5.4.1/../../../../arm-none-eabi/lib/armv7-m\libnosys.a
END GROUP
                0x00000000                CY_APPL_ORIGIN = 0x0
                0x00000100                CY_FLASH_ROW_SIZE = 0x100
                0x00000020                CY_ECC_ROW_SIZE = 0x20
                0x00000000                CY_EE_IN_BTLDR = 0x0
                0x00000000                CY_APPL_LOADABLE = 0x0
                0x00000800                CY_EE_SIZE = 0x800
                0x00000001                CY_APPL_NUM = 0x1
                0x00000001                CY_APPL_MAX = 0x1
                0x00000040                CY_METADATA_SIZE = 0x40
                0x00000000                CY_APPL_LOADABLE = 0x0
                0x00000000                CY_CHECKSUM_EXCLUDE_SIZE = ALIGN (0x0, CY_FLASH_ROW_SIZE)
                [!provide]                PROVIDE (__cy_heap_start, _end)
                0x00000001                PROVIDE (__cy_region_num, ((__cy_regions_end - __cy_regions) / 0x10))
                0x20008000                PROVIDE (__cy_stack, (ORIGIN (ram) + LENGTH (ram)))
                [!provide]                PROVIDE (__cy_heap_end, (__cy_stack - 0x800))

.cybootloader   0x00000000        0x0
 *(.cybootloader)
                0x00000000                appl1_start = CY_APPL_ORIGIN?CY_APPL_ORIGIN:ALIGN (CY_FLASH_ROW_SIZE)
                0x0001ff00                appl2_start = (appl1_start + ALIGN ((((LENGTH (rom) - appl1_start) - (0x2 * CY_FLASH_ROW_SIZE)) / 0x2), CY_FLASH_ROW_SIZE))
                0x00000000                appl_start = (CY_APPL_NUM == 0x1)?appl1_start:appl2_start
                0x00000000                ecc_offset = ((appl_start / CY_FLASH_ROW_SIZE) * CY_ECC_ROW_SIZE)
                0x00000000                ee_offset = (CY_APPL_LOADABLE && ! (CY_EE_IN_BTLDR))?((CY_EE_SIZE / CY_APPL_MAX) * (CY_APPL_NUM - 0x1)):0x0
                0x00000800                ee_size = (CY_APPL_LOADABLE && ! (CY_EE_IN_BTLDR))?(CY_EE_SIZE / CY_APPL_MAX):CY_EE_SIZE
                [!provide]                PROVIDE (CY_ECC_OFFSET, ecc_offset)

.text           0x00000000      0xdca
 CREATE_OBJECT_SYMBOLS
                0x00000000                PROVIDE (__cy_interrupt_vector, RomVectors)
 *(.romvectors)
 .romvectors    0x00000000       0x10 .\CortexM3\ARM_GCC_541\Release\Cm3Start.o
                0x00000000                RomVectors
                0x00000001                ASSERT ((. != __cy_interrupt_vector), No interrupt vector)
                0x00000001                ASSERT (CY_APPL_ORIGIN?(SIZEOF (.cybootloader) <= CY_APPL_ORIGIN):0x1, Wrong image location)
                0x00000010                PROVIDE (__cy_reset, Reset)
 *(.text.Reset)
 .text.Reset    0x00000010       0x18 .\CortexM3\ARM_GCC_541\Release\Cm3Start.o
                0x00000010                Reset
                0x00000001                ASSERT ((. != __cy_reset), No reset code)
 *(.dma_init)
                0x00000001                ASSERT ((((appl_start + .) <= 0x10000) || 0x1), DMA Init must be within the first 64k of flash)
 *(.text .text.* .gnu.linkonce.t.*)
 .text          0x00000028       0x5c c:/program files (x86)/cypress/psoc creator/4.2/psoc creator/import/gnu/arm/5.4.1/bin/../lib/gcc/arm-none-eabi/5.4.1/armv7-m/crtbegin.o
 .text.updateString
                0x00000084        0x2 .\CortexM3\ARM_GCC_541\Release\main.o
                0x00000084                updateString
 *fill*         0x00000086        0x2 
 .text.RxIsr    0x00000088       0x6c .\CortexM3\ARM_GCC_541\Release\main.o
                0x00000088                RxIsr
 .text.Port_10  0x000000f4       0x68 .\CortexM3\ARM_GCC_541\Release\main.o
                0x000000f4                Port_10
 .text.setup    0x0000015c       0x38 .\CortexM3\ARM_GCC_541\Release\main.o
                0x0000015c                setup
 .text.startup.main
                0x00000194      0x128 .\CortexM3\ARM_GCC_541\Release\main.o
                0x00000194                main
 .text.cyfitter_cfg
                0x000002bc      0x208 .\CortexM3\ARM_GCC_541\Release\cyfitter_cfg.o
                0x000002bc                cyfitter_cfg
 .text.IntDefaultHandler
                0x000004c4       0x10 .\CortexM3\ARM_GCC_541\Release\Cm3Start.o
                0x000004c4                IntDefaultHandler
 .text.Start_c  0x000004d4       0x50 .\CortexM3\ARM_GCC_541\Release\Cm3Start.o
                0x000004d4                Start_c
 .text.startup.initialize_psoc
                0x00000524       0x68 .\CortexM3\ARM_GCC_541\Release\Cm3Start.o
                0x00000524                initialize_psoc
 .text.UART_Init
                0x0000058c       0x28 .\CortexM3\ARM_GCC_541\Release\BCom0.3.a(UART.o)
                0x0000058c                UART_Init
 .text.UART_Enable
                0x000005b4       0x40 .\CortexM3\ARM_GCC_541\Release\BCom0.3.a(UART.o)
                0x000005b4                UART_Enable
 .text.UART_Start
                0x000005f4       0x1c .\CortexM3\ARM_GCC_541\Release\BCom0.3.a(UART.o)
                0x000005f4                UART_Start
 .text.UART_Stop
                0x00000610       0x40 .\CortexM3\ARM_GCC_541\Release\BCom0.3.a(UART.o)
                0x00000610                UART_Stop
 .text.UART_GetByte
                0x00000650       0x1c .\CortexM3\ARM_GCC_541\Release\BCom0.3.a(UART.o)
                0x00000650                UART_GetByte
 .text.UART_GetRxBufferSize
                0x0000066c       0x10 .\CortexM3\ARM_GCC_541\Release\BCom0.3.a(UART.o)
                0x0000066c                UART_GetRxBufferSize
 .text.UART_ClearRxBuffer
                0x0000067c       0x24 .\CortexM3\ARM_GCC_541\Release\BCom0.3.a(UART.o)
                0x0000067c                UART_ClearRxBuffer
 .text.UART_IntClock_Start
                0x000006a0       0x18 .\CortexM3\ARM_GCC_541\Release\BCom0.3.a(UART_IntClock.o)
                0x000006a0                UART_IntClock_Start
 .text.UART_IntClock_Stop
                0x000006b8       0x18 .\CortexM3\ARM_GCC_541\Release\BCom0.3.a(UART_IntClock.o)
                0x000006b8                UART_IntClock_Stop
 .text.CyDelay  0x000006d0       0x2c .\CortexM3\ARM_GCC_541\Release\BCom0.3.a(CyLib.o)
                0x000006d0                CyDelay
 .text.CyGetUniqueId
                0x000006fc       0x70 .\CortexM3\ARM_GCC_541\Release\BCom0.3.a(CyLib.o)
                0x000006fc                CyGetUniqueId
 .text.isr_rx_StartEx
                0x0000076c       0x24 .\CortexM3\ARM_GCC_541\Release\BCom0.3.a(isr_rx.o)
                0x0000076c                isr_rx_StartEx
 .text.isr_rx_ClearPending
                0x00000790        0xc .\CortexM3\ARM_GCC_541\Release\BCom0.3.a(isr_rx.o)
                0x00000790                isr_rx_ClearPending
 .text.StatusLed_Write
                0x0000079c       0x18 .\CortexM3\ARM_GCC_541\Release\BCom0.3.a(StatusLed.o)
                0x0000079c                StatusLed_Write
 .text.Button_Read
                0x000007b4       0x10 .\CortexM3\ARM_GCC_541\Release\BCom0.3.a(Button.o)
                0x000007b4                Button_Read
 .text.Transport
                0x000007c4       0x78 .\CortexM3\ARM_GCC_541\Release\BCom0.3.a(BCom_1_BCom.o)
                0x000007c4                Transport
 .text.Transmit
                0x0000083c       0xa0 .\CortexM3\ARM_GCC_541\Release\BCom0.3.a(BCom_1_BCom.o)
                0x0000083c                Transmit
 .text.StripLights_MemClear
                0x000008dc       0x18 .\CortexM3\ARM_GCC_541\Release\BCom0.3.a(StripLights.o)
                0x000008dc                StripLights_MemClear
 .text.StripLights_Start
                0x000008f4       0x80 .\CortexM3\ARM_GCC_541\Release\BCom0.3.a(StripLights.o)
                0x000008f4                StripLights_Start
 .text.StripLights_WriteColor
                0x00000974       0x28 .\CortexM3\ARM_GCC_541\Release\BCom0.3.a(StripLights.o)
                0x00000974                StripLights_WriteColor
 .text.StripLights_Trigger
                0x0000099c       0x44 .\CortexM3\ARM_GCC_541\Release\BCom0.3.a(StripLights.o)
                0x0000099c                StripLights_Trigger
 .text.StripLights_FISR
                0x000009e0       0x38 .\CortexM3\ARM_GCC_541\Release\BCom0.3.a(StripLights.o)
                0x000009e0                StripLights_FISR
 .text.StripLights_CISR
                0x00000a18       0x5c .\CortexM3\ARM_GCC_541\Release\BCom0.3.a(StripLights.o)
                0x00000a18                StripLights_CISR
 .text.StripLights_Dim
                0x00000a74       0x80 .\CortexM3\ARM_GCC_541\Release\BCom0.3.a(StripLights.o)
                0x00000a74                StripLights_Dim
 .text.StripLights_SetFont
                0x00000af4       0x30 .\CortexM3\ARM_GCC_541\Release\BCom0.3.a(StripLights_fonts.o)
                0x00000af4                StripLights_SetFont
 .text.StripLights_fisr_StartEx
                0x00000b24       0x28 .\CortexM3\ARM_GCC_541\Release\BCom0.3.a(StripLights_fisr.o)
                0x00000b24                StripLights_fisr_StartEx
 .text.StripLights_cisr_StartEx
                0x00000b4c       0x24 .\CortexM3\ARM_GCC_541\Release\BCom0.3.a(StripLights_cisr.o)
                0x00000b4c                StripLights_cisr_StartEx
 .text          0x00000b70       0x20 .\CortexM3\ARM_GCC_541\Release\BCom0.3.a(CyBootAsmGnu.o)
                0x00000b70                CyDelayCycles
                0x00000b80                CyEnterCriticalSection
                0x00000b88                CyExitCriticalSection
 .text.b64_int  0x00000b90       0x40 .\CortexM3\ARM_GCC_541\Release\BCom0.3.a(BCom_1_base64.o)
                0x00000b90                b64_int
 .text.b64_encode
                0x00000bd0       0xd0 .\CortexM3\ARM_GCC_541\Release\BCom0.3.a(BCom_1_base64.o)
                0x00000bd0                b64_encode
 .text.b64_decode
                0x00000ca0       0x7e .\CortexM3\ARM_GCC_541\Release\BCom0.3.a(BCom_1_base64.o)
                0x00000ca0                b64_decode
 *fill*         0x00000d1e        0x2 
 .text.crc_16   0x00000d20       0x2c .\CortexM3\ARM_GCC_541\Release\BCom0.3.a(BCom_1_CRC16.o)
                0x00000d20                crc_16
 .text.__errno  0x00000d4c        0xc c:/program files (x86)/cypress/psoc creator/4.2/psoc creator/import/gnu/arm/5.4.1/bin/../lib/gcc/arm-none-eabi/5.4.1/../../../../arm-none-eabi/lib/armv7-m\libg_nano.a(lib_a-errno.o)
                0x00000d4c                __errno
 .text.__libc_init_array
                0x00000d58       0x4c c:/program files (x86)/cypress/psoc creator/4.2/psoc creator/import/gnu/arm/5.4.1/bin/../lib/gcc/arm-none-eabi/5.4.1/../../../../arm-none-eabi/lib/armv7-m\libg_nano.a(lib_a-init.o)
                0x00000d58                __libc_init_array
 .text.memcpy   0x00000da4       0x16 c:/program files (x86)/cypress/psoc creator/4.2/psoc creator/import/gnu/arm/5.4.1/bin/../lib/gcc/arm-none-eabi/5.4.1/../../../../arm-none-eabi/lib/armv7-m\libg_nano.a(lib_a-memcpy-stub.o)
                0x00000da4                memcpy
 .text.memset   0x00000dba       0x10 c:/program files (x86)/cypress/psoc creator/4.2/psoc creator/import/gnu/arm/5.4.1/bin/../lib/gcc/arm-none-eabi/5.4.1/../../../../arm-none-eabi/lib/armv7-m\libg_nano.a(lib_a-memset.o)
                0x00000dba                memset
 *(.plt)
 *(.gnu.warning)
 *(.glue_7t)
 .glue_7t       0x00000dca        0x0 linker stubs
 *(.glue_7)
 .glue_7        0x00000dca        0x0 linker stubs
 *(.vfp11_veneer)
 .vfp11_veneer  0x00000dca        0x0 linker stubs
 *(.bootloader)
 *(.ARM.extab* .gnu.linkonce.armextab.*)
 *(.gcc_except_table)

.v4_bx          0x00000dcc        0x0
 .v4_bx         0x00000dcc        0x0 linker stubs

.iplt           0x00000dcc        0x0
 .iplt          0x00000dcc        0x0 c:/program files (x86)/cypress/psoc creator/4.2/psoc creator/import/gnu/arm/5.4.1/bin/../lib/gcc/arm-none-eabi/5.4.1/armv7-m/crtbegin.o

.eh_frame_hdr
 *(.eh_frame_hdr)

.eh_frame       0x00000dcc        0x4
 *(.eh_frame)
 .eh_frame      0x00000dcc        0x0 c:/program files (x86)/cypress/psoc creator/4.2/psoc creator/import/gnu/arm/5.4.1/bin/../lib/gcc/arm-none-eabi/5.4.1/armv7-m/crtbegin.o
 .eh_frame      0x00000dcc        0x4 c:/program files (x86)/cypress/psoc creator/4.2/psoc creator/import/gnu/arm/5.4.1/bin/../lib/gcc/arm-none-eabi/5.4.1/armv7-m/crtend.o
                [!provide]                PROVIDE (__exidx_start, .)

.ARM.exidx
 *(.ARM.exidx* .gnu.linkonce.armexidx.*)
                0x00000dd0                __exidx_end = .

.rodata         0x00000dd0      0x758
 *(.rodata .rodata.* .gnu.linkonce.r.*)
 .rodata.str1.1
                0x00000dd0       0x2f .\CortexM3\ARM_GCC_541\Release\main.o
 .rodata        0x00000dff       0x30 .\CortexM3\ARM_GCC_541\Release\cyfitter_cfg.o
 *fill*         0x00000e2f        0x1 
 .rodata        0x00000e30      0x2e0 .\CortexM3\ARM_GCC_541\Release\BCom0.3.a(StripLights.o)
                0x00000e30                StripLights_CLUT
                0x00001010                gamma
 .rodata        0x00001110      0x1e0 .\CortexM3\ARM_GCC_541\Release\BCom0.3.a(StripLights_fonts.o)
                0x00001110                StripLights_Font5x7
 .rodata        0x000012f0      0x200 .\CortexM3\ARM_GCC_541\Release\BCom0.3.a(BCom_1_CRC16.o)
 .rodata.str1.1
                0x000014f0        0x2 c:/program files (x86)/cypress/psoc creator/4.2/psoc creator/import/gnu/arm/5.4.1/bin/../lib/gcc/arm-none-eabi/5.4.1/../../../../arm-none-eabi/lib/armv7-m\libg_nano.a(lib_a-impure.o)
                0x000014f4                . = ALIGN (0x4)
 *fill*         0x000014f2        0x2 
 *(.init)
 .init          0x000014f4        0x4 c:/program files (x86)/cypress/psoc creator/4.2/psoc creator/import/gnu/arm/5.4.1/bin/../lib/gcc/arm-none-eabi/5.4.1/armv7-m/crti.o
                0x000014f4                _init
 .init          0x000014f8        0x8 c:/program files (x86)/cypress/psoc creator/4.2/psoc creator/import/gnu/arm/5.4.1/bin/../lib/gcc/arm-none-eabi/5.4.1/armv7-m/crtn.o
                0x00001500                . = ALIGN (0x4)
                0x00001500                __preinit_array_start = .
 *(.preinit_array)
                0x00001500                __preinit_array_end = .
                0x00001500                . = ALIGN (0x4)
                0x00001500                __init_array_start = .
 *(SORT(.init_array.*))
 *(.init_array)
 .init_array    0x00001500        0x4 c:/program files (x86)/cypress/psoc creator/4.2/psoc creator/import/gnu/arm/5.4.1/bin/../lib/gcc/arm-none-eabi/5.4.1/armv7-m/crtbegin.o
 .init_array    0x00001504        0x4 .\CortexM3\ARM_GCC_541\Release\Cm3Start.o
                0x00001508                __init_array_end = .
                0x00001508                . = ALIGN (0x4)
 *(.fini)
 .fini          0x00001508        0x4 c:/program files (x86)/cypress/psoc creator/4.2/psoc creator/import/gnu/arm/5.4.1/bin/../lib/gcc/arm-none-eabi/5.4.1/armv7-m/crti.o
                0x00001508                _fini
 .fini          0x0000150c        0x8 c:/program files (x86)/cypress/psoc creator/4.2/psoc creator/import/gnu/arm/5.4.1/bin/../lib/gcc/arm-none-eabi/5.4.1/armv7-m/crtn.o
                0x00001514                . = ALIGN (0x4)
                0x00001514                __fini_array_start = .
 *(.fini_array)
 .fini_array    0x00001514        0x4 c:/program files (x86)/cypress/psoc creator/4.2/psoc creator/import/gnu/arm/5.4.1/bin/../lib/gcc/arm-none-eabi/5.4.1/armv7-m/crtbegin.o
 *(SORT(.fini_array.*))
                0x00001518                __fini_array_end = .
                0x00001518                . = ALIGN (0x4)
 *crtbegin.o(.ctors)
 *(EXCLUDE_FILE(*crtend.o) .ctors)
 *(SORT(.ctors.*))
 *crtend.o(.ctors)
                0x00001518                . = ALIGN (0x4)
 *crtbegin.o(.dtors)
 *(EXCLUDE_FILE(*crtend.o) .dtors)
 *(SORT(.dtors.*))
 *crtend.o(.dtors)
                0x00001518                . = ALIGN (0x4)
                0x00001518                __cy_regions = .
                0x00001518        0x4 LONG 0x1528 __cy_region_init_ram
                0x0000151c        0x4 LONG 0x1fff80c8 __cy_region_start_data
                0x00001520        0x4 LONG 0xc0 __cy_region_init_size_ram
                0x00001524        0x4 LONG 0x5c0 __cy_region_zero_size_ram
                0x00001528                __cy_regions_end = .
                0x00001528                . = ALIGN (0x8)
                0x00001528                _etext = .

.cy_checksum_exclude
                0x00001528        0x0
 *(.cy_checksum_exclude)

.ramvectors     0x1fff8000       0xc0
                0x1fff8000                __cy_region_start_ram = .
 *(.ramvectors)
 .ramvectors    0x1fff8000       0xc0 .\CortexM3\ARM_GCC_541\Release\Cm3Start.o
                0x1fff8000                CyRamVectors

.noinit         0x1fff80c0        0x1
 *(.noinit)
 .noinit        0x1fff80c0        0x1 .\CortexM3\ARM_GCC_541\Release\BCom0.3.a(CyLib.o)
                0x1fff80c0                CyResetStatus

.data           0x1fff80c8       0xc0 load address 0x00001528
                0x1fff80c8                __cy_region_start_data = .
 *(.jcr)
 .jcr           0x1fff80c8        0x0 c:/program files (x86)/cypress/psoc creator/4.2/psoc creator/import/gnu/arm/5.4.1/bin/../lib/gcc/arm-none-eabi/5.4.1/armv7-m/crtbegin.o
 .jcr           0x1fff80c8        0x4 c:/program files (x86)/cypress/psoc creator/4.2/psoc creator/import/gnu/arm/5.4.1/bin/../lib/gcc/arm-none-eabi/5.4.1/armv7-m/crtend.o
 *(.got.plt)
 *(.got)
 *(.shdata)
 *(.data .data.* .gnu.linkonce.d.*)
 .data          0x1fff80cc       0x10 .\CortexM3\ARM_GCC_541\Release\BCom0.3.a(CyLib.o)
                0x1fff80cc                cydelay_32k_ms
                0x1fff80d0                cydelay_freq_khz
                0x1fff80d4                cydelay_freq_mhz
                0x1fff80d8                cydelay_freq_hz
 .data          0x1fff80dc       0x41 .\CortexM3\ARM_GCC_541\Release\BCom0.3.a(BCom_1_base64.o)
                0x1fff80dc                b64_chr
 *fill*         0x1fff811d        0x3 
 .data.impure_data
                0x1fff8120       0x60 c:/program files (x86)/cypress/psoc creator/4.2/psoc creator/import/gnu/arm/5.4.1/bin/../lib/gcc/arm-none-eabi/5.4.1/../../../../arm-none-eabi/lib/armv7-m\libg_nano.a(lib_a-impure.o)
 .data._impure_ptr
                0x1fff8180        0x4 c:/program files (x86)/cypress/psoc creator/4.2/psoc creator/import/gnu/arm/5.4.1/bin/../lib/gcc/arm-none-eabi/5.4.1/../../../../arm-none-eabi/lib/armv7-m\libg_nano.a(lib_a-impure.o)
                0x1fff8180                _impure_ptr
                0x1fff8188                . = ALIGN (0x8)
 *fill*         0x1fff8184        0x4 
 *(.ram)
                0x1fff8188                _edata = .

.igot.plt       0x1fff8188        0x0 load address 0x000015e8
 .igot.plt      0x1fff8188        0x0 c:/program files (x86)/cypress/psoc creator/4.2/psoc creator/import/gnu/arm/5.4.1/bin/../lib/gcc/arm-none-eabi/5.4.1/armv7-m/crtbegin.o

.bss            0x1fff8188      0x5c0 load address 0x000015e8
                0x1fff8188                PROVIDE (__bss_start__, .)
 *(.shbss)
 *(.bss .bss.* .gnu.linkonce.b.*)
 .bss           0x1fff8188       0x1c c:/program files (x86)/cypress/psoc creator/4.2/psoc creator/import/gnu/arm/5.4.1/bin/../lib/gcc/arm-none-eabi/5.4.1/armv7-m/crtbegin.o
 .bss           0x1fff81a4        0xd .\CortexM3\ARM_GCC_541\Release\main.o
                0x1fff81a4                frameReady
                0x1fff81a5                BufferOverrun
                0x1fff81a6                bufferPtr
                0x1fff81a8                active
                0x1fff81ac                requestLedUpdate
                0x1fff81b0                errorStatus
 .bss           0x1fff81b1        0x2 .\CortexM3\ARM_GCC_541\Release\BCom0.3.a(UART.o)
                0x1fff81b1                UART_initVar
 *fill*         0x1fff81b3        0x1 
 .bss           0x1fff81b4       0x14 .\CortexM3\ARM_GCC_541\Release\BCom0.3.a(StripLights.o)
                0x1fff81b8                StripLights_Red_Shift
                0x1fff81bc                StripLights_initvar
                0x1fff81c0                StripLights_row
                0x1fff81c4                StripLights_ledIndex
 *(COMMON)
 COMMON         0x1fff81c8       0xb4 .\CortexM3\ARM_GCC_541\Release\main.o
                0x1fff81c8                inputBuffer
                0x1fff8248                System_u
                0x1fff8249                StripLights_UseGammaCorrection
                0x1fff824c                StripLights_Done
                0x1fff8250                Config
 COMMON         0x1fff827c      0x4bc .\CortexM3\ARM_GCC_541\Release\BCom0.3.a(StripLights.o)
                0x1fff827c                StripLights_ledArray
                0x1fff872c                StripLights_DimMask
                0x1fff8730                StripLights_DimShift
                0x1fff8734                StripLights_refreshComplete
 COMMON         0x1fff8738       0x10 .\CortexM3\ARM_GCC_541\Release\BCom0.3.a(StripLights_fonts.o)
                0x1fff8738                StripLights_fontX
                0x1fff873c                StripLights_fontOffset
                0x1fff8740                StripLights_fontPtr
                0x1fff8744                StripLights_fontY
                0x1fff8748                . = ALIGN (0x8)
 *(.ram.b)
                0x1fff8748                _end = .
                0x1fff8748                __end = .
                0x1fff8748                PROVIDE (end, .)
                0x1fff8748                PROVIDE (__bss_end__, .)
                0x00001528                __cy_region_init_ram = LOADADDR (.data)
                0x000000c0                __cy_region_init_size_ram = (_edata - ADDR (.data))
                0x000005c0                __cy_region_zero_size_ram = (_end - _edata)

.heap           0x1fff8748      0x300 load address 0x000015e8
                0x1fff8748                . = _end
                0x1fff8a48                . = (. + 0x300)
 *fill*         0x1fff8748      0x300 
                0x1fff8a48                __cy_heap_limit = .

.stack          0x20007800      0x800
                0x20007800                __cy_stack_limit = .
                0x20008000                . = (. + 0x800)
 *fill*         0x20007800      0x800 
                0x00000001                ASSERT ((__cy_stack_limit >= __cy_heap_limit), region RAM overflowed with stack)
                0x00000000                cy_checksum_exclude_size = (CY_APPL_LOADABLE == 0x1)?SIZEOF (.cy_checksum_exclude):0x0
                0x00000001                ASSERT ((cy_checksum_exclude_size <= CY_CHECKSUM_EXCLUDE_SIZE), CY_BOOT: Section .cy_checksum_exclude size exceedes specified limit.)

.cyloadermeta
 *(.cyloadermeta)

.cyloadablemeta
 *(.cyloadablemeta)

.cyconfigecc    0x80000000      0x5ec
 *(.cyconfigecc)
 .cyconfigecc   0x80000000      0x5ec .\CortexM3\ARM_GCC_541\Release\cymetadata.o
                0x80000000                cy_meta_configecc

.cycustnvl      0x90000000        0x4
 *(.cycustnvl)
 .cycustnvl     0x90000000        0x4 .\CortexM3\ARM_GCC_541\Release\cymetadata.o
                0x90000000                cy_meta_custnvl

.cywolatch      0x90100000        0x4
 *(.cywolatch)
 .cywolatch     0x90100000        0x4 .\CortexM3\ARM_GCC_541\Release\cymetadata.o
                0x90100000                cy_meta_wonvl

.cyeeprom       0x90200000        0x0
 *(.cyeeprom)
                0x00000001                ASSERT ((. <= ((0x90200000 + ee_offset) + ee_size)), .cyeeprom data will not fit in EEPROM)

.cyflashprotect
                0x90400000      0x100
 *(.cyflashprotect)
 .cyflashprotect
                0x90400000      0x100 .\CortexM3\ARM_GCC_541\Release\cymetadata.o
                0x90400000                cy_meta_flashprotect

.cymeta         0x90500000        0xc
 *(.cymeta)
 .cymeta        0x90500000        0xc .\CortexM3\ARM_GCC_541\Release\cymetadata.o
                0x90500000                cy_metadata

.rel.dyn        0x000015e8        0x0 load address 0x9050000c
 .rel.iplt      0x000015e8        0x0 c:/program files (x86)/cypress/psoc creator/4.2/psoc creator/import/gnu/arm/5.4.1/bin/../lib/gcc/arm-none-eabi/5.4.1/armv7-m/crtbegin.o

.stab
 *(.stab)

.stabstr
 *(.stabstr)

.debug
 *(.debug)

.line
 *(.line)

.debug_srcinfo
 *(.debug_srcinfo)

.debug_sfnames
 *(.debug_sfnames)

.debug_aranges  0x00000000      0x9e0
 *(.debug_aranges)
 .debug_aranges
                0x00000000       0x48 .\CortexM3\ARM_GCC_541\Release\main.o
 .debug_aranges
                0x00000048       0x20 .\CortexM3\ARM_GCC_541\Release\debug.o
 .debug_aranges
                0x00000068       0x28 .\CortexM3\ARM_GCC_541\Release\cyfitter_cfg.o
 .debug_aranges
                0x00000090       0x18 .\CortexM3\ARM_GCC_541\Release\cymetadata.o
 .debug_aranges
                0x000000a8       0x48 .\CortexM3\ARM_GCC_541\Release\Cm3Start.o
 .debug_aranges
                0x000000f0       0xe0 .\CortexM3\ARM_GCC_541\Release\BCom0.3.a(UART.o)
 .debug_aranges
                0x000001d0       0x70 .\CortexM3\ARM_GCC_541\Release\BCom0.3.a(UART_IntClock.o)
 .debug_aranges
                0x00000240      0x298 .\CortexM3\ARM_GCC_541\Release\BCom0.3.a(CyLib.o)
 .debug_aranges
                0x000004d8       0x78 .\CortexM3\ARM_GCC_541\Release\BCom0.3.a(cyPm.o)
 .debug_aranges
                0x00000550       0x80 .\CortexM3\ARM_GCC_541\Release\BCom0.3.a(isr_rx.o)
 .debug_aranges
                0x000005d0       0x38 .\CortexM3\ARM_GCC_541\Release\BCom0.3.a(StatusLed.o)
 .debug_aranges
                0x00000608       0x38 .\CortexM3\ARM_GCC_541\Release\BCom0.3.a(Button.o)
 .debug_aranges
                0x00000640       0x30 .\CortexM3\ARM_GCC_541\Release\BCom0.3.a(BCom_1_BCom.o)
 .debug_aranges
                0x00000670       0xc0 .\CortexM3\ARM_GCC_541\Release\BCom0.3.a(StripLights.o)
 .debug_aranges
                0x00000730       0x30 .\CortexM3\ARM_GCC_541\Release\BCom0.3.a(StripLights_fonts.o)
 .debug_aranges
                0x00000760       0x80 .\CortexM3\ARM_GCC_541\Release\BCom0.3.a(StripLights_fisr.o)
 .debug_aranges
                0x000007e0       0x80 .\CortexM3\ARM_GCC_541\Release\BCom0.3.a(StripLights_cisr.o)
 .debug_aranges
                0x00000860       0x20 .\CortexM3\ARM_GCC_541\Release\BCom0.3.a(CyBootAsmGnu.o)
 .debug_aranges
                0x00000880       0x80 .\CortexM3\ARM_GCC_541\Release\BCom0.3.a(CyFlash.o)
 .debug_aranges
                0x00000900       0x80 .\CortexM3\ARM_GCC_541\Release\BCom0.3.a(CySpc.o)
 .debug_aranges
                0x00000980       0x40 .\CortexM3\ARM_GCC_541\Release\BCom0.3.a(BCom_1_base64.o)
 .debug_aranges
                0x000009c0       0x20 .\CortexM3\ARM_GCC_541\Release\BCom0.3.a(BCom_1_CRC16.o)

.debug_pubnames
 *(.debug_pubnames)

.debug_info     0x00000000     0x83b4
 *(.debug_info .gnu.linkonce.wi.*)
 .debug_info    0x00000000      0xb0f .\CortexM3\ARM_GCC_541\Release\main.o
 .debug_info    0x00000b0f      0x664 .\CortexM3\ARM_GCC_541\Release\debug.o
 .debug_info    0x00001173      0x5fa .\CortexM3\ARM_GCC_541\Release\cyfitter_cfg.o
 .debug_info    0x0000176d      0x137 .\CortexM3\ARM_GCC_541\Release\cymetadata.o
 .debug_info    0x000018a4      0x3b7 .\CortexM3\ARM_GCC_541\Release\Cm3Start.o
 .debug_info    0x00001c5b      0x60c .\CortexM3\ARM_GCC_541\Release\BCom0.3.a(UART.o)
 .debug_info    0x00002267      0x29d .\CortexM3\ARM_GCC_541\Release\BCom0.3.a(UART_IntClock.o)
 .debug_info    0x00002504     0x1343 .\CortexM3\ARM_GCC_541\Release\BCom0.3.a(CyLib.o)
 .debug_info    0x00003847      0x97e .\CortexM3\ARM_GCC_541\Release\BCom0.3.a(cyPm.o)
 .debug_info    0x000041c5      0x385 .\CortexM3\ARM_GCC_541\Release\BCom0.3.a(isr_rx.o)
 .debug_info    0x0000454a      0x121 .\CortexM3\ARM_GCC_541\Release\BCom0.3.a(StatusLed.o)
 .debug_info    0x0000466b      0x121 .\CortexM3\ARM_GCC_541\Release\BCom0.3.a(Button.o)
 .debug_info    0x0000478c      0x7f8 .\CortexM3\ARM_GCC_541\Release\BCom0.3.a(BCom_1_BCom.o)
 .debug_info    0x00004f84     0x1444 .\CortexM3\ARM_GCC_541\Release\BCom0.3.a(StripLights.o)
 .debug_info    0x000063c8      0x876 .\CortexM3\ARM_GCC_541\Release\BCom0.3.a(StripLights_fonts.o)
 .debug_info    0x00006c3e      0x385 .\CortexM3\ARM_GCC_541\Release\BCom0.3.a(StripLights_fisr.o)
 .debug_info    0x00006fc3      0x385 .\CortexM3\ARM_GCC_541\Release\BCom0.3.a(StripLights_cisr.o)
 .debug_info    0x00007348       0xa2 .\CortexM3\ARM_GCC_541\Release\BCom0.3.a(CyBootAsmGnu.o)
 .debug_info    0x000073ea      0x6c0 .\CortexM3\ARM_GCC_541\Release\BCom0.3.a(CyFlash.o)
 .debug_info    0x00007aaa      0x550 .\CortexM3\ARM_GCC_541\Release\BCom0.3.a(CySpc.o)
 .debug_info    0x00007ffa      0x27f .\CortexM3\ARM_GCC_541\Release\BCom0.3.a(BCom_1_base64.o)
 .debug_info    0x00008279      0x13b .\CortexM3\ARM_GCC_541\Release\BCom0.3.a(BCom_1_CRC16.o)

.debug_abbrev   0x00000000     0x2637
 *(.debug_abbrev)
 .debug_abbrev  0x00000000      0x2dd .\CortexM3\ARM_GCC_541\Release\main.o
 .debug_abbrev  0x000002dd      0x18d .\CortexM3\ARM_GCC_541\Release\debug.o
 .debug_abbrev  0x0000046a      0x234 .\CortexM3\ARM_GCC_541\Release\cyfitter_cfg.o
 .debug_abbrev  0x0000069e       0x77 .\CortexM3\ARM_GCC_541\Release\cymetadata.o
 .debug_abbrev  0x00000715      0x1f4 .\CortexM3\ARM_GCC_541\Release\Cm3Start.o
 .debug_abbrev  0x00000909      0x21a .\CortexM3\ARM_GCC_541\Release\BCom0.3.a(UART.o)
 .debug_abbrev  0x00000b23      0x144 .\CortexM3\ARM_GCC_541\Release\BCom0.3.a(UART_IntClock.o)
 .debug_abbrev  0x00000c67      0x390 .\CortexM3\ARM_GCC_541\Release\BCom0.3.a(CyLib.o)
 .debug_abbrev  0x00000ff7      0x1d5 .\CortexM3\ARM_GCC_541\Release\BCom0.3.a(cyPm.o)
 .debug_abbrev  0x000011cc      0x212 .\CortexM3\ARM_GCC_541\Release\BCom0.3.a(isr_rx.o)
 .debug_abbrev  0x000013de       0x90 .\CortexM3\ARM_GCC_541\Release\BCom0.3.a(StatusLed.o)
 .debug_abbrev  0x0000146e       0x90 .\CortexM3\ARM_GCC_541\Release\BCom0.3.a(Button.o)
 .debug_abbrev  0x000014fe      0x1dd .\CortexM3\ARM_GCC_541\Release\BCom0.3.a(BCom_1_BCom.o)
 .debug_abbrev  0x000016db      0x3ce .\CortexM3\ARM_GCC_541\Release\BCom0.3.a(StripLights.o)
 .debug_abbrev  0x00001aa9      0x1ca .\CortexM3\ARM_GCC_541\Release\BCom0.3.a(StripLights_fonts.o)
 .debug_abbrev  0x00001c73      0x212 .\CortexM3\ARM_GCC_541\Release\BCom0.3.a(StripLights_fisr.o)
 .debug_abbrev  0x00001e85      0x212 .\CortexM3\ARM_GCC_541\Release\BCom0.3.a(StripLights_cisr.o)
 .debug_abbrev  0x00002097       0x14 .\CortexM3\ARM_GCC_541\Release\BCom0.3.a(CyBootAsmGnu.o)
 .debug_abbrev  0x000020ab      0x235 .\CortexM3\ARM_GCC_541\Release\BCom0.3.a(CyFlash.o)
 .debug_abbrev  0x000022e0      0x1a2 .\CortexM3\ARM_GCC_541\Release\BCom0.3.a(CySpc.o)
 .debug_abbrev  0x00002482      0x113 .\CortexM3\ARM_GCC_541\Release\BCom0.3.a(BCom_1_base64.o)
 .debug_abbrev  0x00002595       0xa2 .\CortexM3\ARM_GCC_541\Release\BCom0.3.a(BCom_1_CRC16.o)

.debug_line     0x00000000     0x3005
 *(.debug_line)
 .debug_line    0x00000000      0x2e7 .\CortexM3\ARM_GCC_541\Release\main.o
 .debug_line    0x000002e7      0x1b7 .\CortexM3\ARM_GCC_541\Release\debug.o
 .debug_line    0x0000049e      0x1c2 .\CortexM3\ARM_GCC_541\Release\cyfitter_cfg.o
 .debug_line    0x00000660      0x141 .\CortexM3\ARM_GCC_541\Release\cymetadata.o
 .debug_line    0x000007a1      0x21f .\CortexM3\ARM_GCC_541\Release\Cm3Start.o
 .debug_line    0x000009c0      0x2c1 .\CortexM3\ARM_GCC_541\Release\BCom0.3.a(UART.o)
 .debug_line    0x00000c81      0x1b4 .\CortexM3\ARM_GCC_541\Release\BCom0.3.a(UART_IntClock.o)
 .debug_line    0x00000e35      0x7fc .\CortexM3\ARM_GCC_541\Release\BCom0.3.a(CyLib.o)
 .debug_line    0x00001631      0x3be .\CortexM3\ARM_GCC_541\Release\BCom0.3.a(cyPm.o)
 .debug_line    0x000019ef      0x156 .\CortexM3\ARM_GCC_541\Release\BCom0.3.a(isr_rx.o)
 .debug_line    0x00001b45       0x98 .\CortexM3\ARM_GCC_541\Release\BCom0.3.a(StatusLed.o)
 .debug_line    0x00001bdd       0x95 .\CortexM3\ARM_GCC_541\Release\BCom0.3.a(Button.o)
 .debug_line    0x00001c72      0x220 .\CortexM3\ARM_GCC_541\Release\BCom0.3.a(BCom_1_BCom.o)
 .debug_line    0x00001e92      0x4c0 .\CortexM3\ARM_GCC_541\Release\BCom0.3.a(StripLights.o)
 .debug_line    0x00002352      0x232 .\CortexM3\ARM_GCC_541\Release\BCom0.3.a(StripLights_fonts.o)
 .debug_line    0x00002584      0x160 .\CortexM3\ARM_GCC_541\Release\BCom0.3.a(StripLights_fisr.o)
 .debug_line    0x000026e4      0x160 .\CortexM3\ARM_GCC_541\Release\BCom0.3.a(StripLights_cisr.o)
 .debug_line    0x00002844       0x66 .\CortexM3\ARM_GCC_541\Release\BCom0.3.a(CyBootAsmGnu.o)
 .debug_line    0x000028aa      0x204 .\CortexM3\ARM_GCC_541\Release\BCom0.3.a(CyFlash.o)
 .debug_line    0x00002aae      0x24c .\CortexM3\ARM_GCC_541\Release\BCom0.3.a(CySpc.o)
 .debug_line    0x00002cfa      0x10d .\CortexM3\ARM_GCC_541\Release\BCom0.3.a(BCom_1_base64.o)
 .debug_line    0x00002e07      0x1fe .\CortexM3\ARM_GCC_541\Release\BCom0.3.a(BCom_1_CRC16.o)

.debug_frame    0x00000000     0x1f68
 *(.debug_frame)
 .debug_frame   0x00000000       0xc8 .\CortexM3\ARM_GCC_541\Release\main.o
 .debug_frame   0x000000c8       0x30 .\CortexM3\ARM_GCC_541\Release\debug.o
 .debug_frame   0x000000f8       0x48 .\CortexM3\ARM_GCC_541\Release\cyfitter_cfg.o
 .debug_frame   0x00000140       0xb8 .\CortexM3\ARM_GCC_541\Release\Cm3Start.o
 .debug_frame   0x000001f8      0x23c .\CortexM3\ARM_GCC_541\Release\BCom0.3.a(UART.o)
 .debug_frame   0x00000434       0xe0 .\CortexM3\ARM_GCC_541\Release\BCom0.3.a(UART_IntClock.o)
 .debug_frame   0x00000514      0x6f8 .\CortexM3\ARM_GCC_541\Release\BCom0.3.a(CyLib.o)
 .debug_frame   0x00000c0c      0x1c8 .\CortexM3\ARM_GCC_541\Release\BCom0.3.a(cyPm.o)
 .debug_frame   0x00000dd4       0xe0 .\CortexM3\ARM_GCC_541\Release\BCom0.3.a(isr_rx.o)
 .debug_frame   0x00000eb4       0x50 .\CortexM3\ARM_GCC_541\Release\BCom0.3.a(StatusLed.o)
 .debug_frame   0x00000f04       0x50 .\CortexM3\ARM_GCC_541\Release\BCom0.3.a(Button.o)
 .debug_frame   0x00000f54       0x64 .\CortexM3\ARM_GCC_541\Release\BCom0.3.a(BCom_1_BCom.o)
 .debug_frame   0x00000fb8      0x2c0 .\CortexM3\ARM_GCC_541\Release\BCom0.3.a(StripLights.o)
 .debug_frame   0x00001278       0xb0 .\CortexM3\ARM_GCC_541\Release\BCom0.3.a(StripLights_fonts.o)
 .debug_frame   0x00001328       0xe0 .\CortexM3\ARM_GCC_541\Release\BCom0.3.a(StripLights_fisr.o)
 .debug_frame   0x00001408       0xe0 .\CortexM3\ARM_GCC_541\Release\BCom0.3.a(StripLights_cisr.o)
 .debug_frame   0x000014e8      0x184 .\CortexM3\ARM_GCC_541\Release\BCom0.3.a(CyFlash.o)
 .debug_frame   0x0000166c      0x190 .\CortexM3\ARM_GCC_541\Release\BCom0.3.a(CySpc.o)
 .debug_frame   0x000017fc       0xa0 .\CortexM3\ARM_GCC_541\Release\BCom0.3.a(BCom_1_base64.o)
 .debug_frame   0x0000189c       0x2c .\CortexM3\ARM_GCC_541\Release\BCom0.3.a(BCom_1_CRC16.o)
 .debug_frame   0x000018c8       0x20 c:/program files (x86)/cypress/psoc creator/4.2/psoc creator/import/gnu/arm/5.4.1/bin/../lib/gcc/arm-none-eabi/5.4.1/../../../../arm-none-eabi/lib/armv7-m\libg_nano.a(lib_a-errno.o)
 .debug_frame   0x000018e8       0x28 c:/program files (x86)/cypress/psoc creator/4.2/psoc creator/import/gnu/arm/5.4.1/bin/../lib/gcc/arm-none-eabi/5.4.1/../../../../arm-none-eabi/lib/armv7-m\libg_nano.a(lib_a-exit.o)
 .debug_frame   0x00001910       0x2c c:/program files (x86)/cypress/psoc creator/4.2/psoc creator/import/gnu/arm/5.4.1/bin/../lib/gcc/arm-none-eabi/5.4.1/../../../../arm-none-eabi/lib/armv7-m\libg_nano.a(lib_a-init.o)
 .debug_frame   0x0000193c       0x28 c:/program files (x86)/cypress/psoc creator/4.2/psoc creator/import/gnu/arm/5.4.1/bin/../lib/gcc/arm-none-eabi/5.4.1/../../../../arm-none-eabi/lib/armv7-m\libg_nano.a(lib_a-memcpy-stub.o)
 .debug_frame   0x00001964       0x20 c:/program files (x86)/cypress/psoc creator/4.2/psoc creator/import/gnu/arm/5.4.1/bin/../lib/gcc/arm-none-eabi/5.4.1/../../../../arm-none-eabi/lib/armv7-m\libg_nano.a(lib_a-memset.o)
 .debug_frame   0x00001984       0x8c c:/program files (x86)/cypress/psoc creator/4.2/psoc creator/import/gnu/arm/5.4.1/bin/../lib/gcc/arm-none-eabi/5.4.1/../../../../arm-none-eabi/lib/armv7-m\libg_nano.a(lib_a-nano-vfprintf_float.o)
 .debug_frame   0x00001a10       0x60 c:/program files (x86)/cypress/psoc creator/4.2/psoc creator/import/gnu/arm/5.4.1/bin/../lib/gcc/arm-none-eabi/5.4.1/../../../../arm-none-eabi/lib/armv7-m\libg_nano.a(lib_a-nano-vfprintf_i.o)
 .debug_frame   0x00001a70       0x6c c:/program files (x86)/cypress/psoc creator/4.2/psoc creator/import/gnu/arm/5.4.1/bin/../lib/gcc/arm-none-eabi/5.4.1/../../../../arm-none-eabi/lib/armv7-m\libg_nano.a(lib_a-dtoa.o)
 .debug_frame   0x00001adc       0x98 c:/program files (x86)/cypress/psoc creator/4.2/psoc creator/import/gnu/arm/5.4.1/bin/../lib/gcc/arm-none-eabi/5.4.1/../../../../arm-none-eabi/lib/armv7-m\libg_nano.a(lib_a-locale.o)
 .debug_frame   0x00001b74       0x30 c:/program files (x86)/cypress/psoc creator/4.2/psoc creator/import/gnu/arm/5.4.1/bin/../lib/gcc/arm-none-eabi/5.4.1/../../../../arm-none-eabi/lib/armv7-m\libg_nano.a(lib_a-malloc.o)
 .debug_frame   0x00001ba4       0x28 c:/program files (x86)/cypress/psoc creator/4.2/psoc creator/import/gnu/arm/5.4.1/bin/../lib/gcc/arm-none-eabi/5.4.1/../../../../arm-none-eabi/lib/armv7-m\libg_nano.a(lib_a-memchr-stub.o)
 .debug_frame   0x00001bcc      0x234 c:/program files (x86)/cypress/psoc creator/4.2/psoc creator/import/gnu/arm/5.4.1/bin/../lib/gcc/arm-none-eabi/5.4.1/../../../../arm-none-eabi/lib/armv7-m\libg_nano.a(lib_a-mprec.o)
 .debug_frame   0x00001e00       0x2c c:/program files (x86)/cypress/psoc creator/4.2/psoc creator/import/gnu/arm/5.4.1/bin/../lib/gcc/arm-none-eabi/5.4.1/../../../../arm-none-eabi/lib/armv7-m\libg_nano.a(lib_a-nano-callocr.o)
 .debug_frame   0x00001e2c       0x38 c:/program files (x86)/cypress/psoc creator/4.2/psoc creator/import/gnu/arm/5.4.1/bin/../lib/gcc/arm-none-eabi/5.4.1/../../../../arm-none-eabi/lib/armv7-m\libg_nano.a(lib_a-nano-freer.o)
 .debug_frame   0x00001e64       0x2c c:/program files (x86)/cypress/psoc creator/4.2/psoc creator/import/gnu/arm/5.4.1/bin/../lib/gcc/arm-none-eabi/5.4.1/../../../../arm-none-eabi/lib/armv7-m\libg_nano.a(lib_a-nano-mallocr.o)
 .debug_frame   0x00001e90       0x2c c:/program files (x86)/cypress/psoc creator/4.2/psoc creator/import/gnu/arm/5.4.1/bin/../lib/gcc/arm-none-eabi/5.4.1/../../../../arm-none-eabi/lib/armv7-m\libg_nano.a(lib_a-sbrkr.o)
 .debug_frame   0x00001ebc       0x20 c:/program files (x86)/cypress/psoc creator/4.2/psoc creator/import/gnu/arm/5.4.1/bin/../lib/gcc/arm-none-eabi/5.4.1/../../../../arm-none-eabi/lib/armv7-m\libg_nano.a(lib_a-strcmp.o)
 .debug_frame   0x00001edc       0x30 c:/program files (x86)/cypress/psoc creator/4.2/psoc creator/import/gnu/arm/5.4.1/bin/../lib/gcc/arm-none-eabi/5.4.1/../../../../arm-none-eabi/lib/armv7-m\libg_nano.a(lib_a-mlock.o)
 .debug_frame   0x00001f0c       0x5c c:/program files (x86)/cypress/psoc creator/4.2/psoc creator/import/gnu/arm/5.4.1/bin/../lib/gcc/arm-none-eabi/5.4.1/../../../../arm-none-eabi/lib/armv7-m\libg_nano.a(lib_a-reent.o)

.debug_str      0x00000000     0x23ba
 *(.debug_str)
 .debug_str     0x00000000      0x500 .\CortexM3\ARM_GCC_541\Release\main.o
                                0x584 (size before relaxing)
 .debug_str     0x00000500       0x21 .\CortexM3\ARM_GCC_541\Release\debug.o
                                0x3bc (size before relaxing)
 .debug_str     0x00000521      0x1a1 .\CortexM3\ARM_GCC_541\Release\cyfitter_cfg.o
                                0x356 (size before relaxing)
 .debug_str     0x000006c2       0x75 .\CortexM3\ARM_GCC_541\Release\cymetadata.o
                                0x1f6 (size before relaxing)
 .debug_str     0x00000737      0x144 .\CortexM3\ARM_GCC_541\Release\Cm3Start.o
                                0x31c (size before relaxing)
 .debug_str     0x0000087b      0x245 .\CortexM3\ARM_GCC_541\Release\BCom0.3.a(UART.o)
                                0x44f (size before relaxing)
 .debug_str     0x00000ac0      0x189 .\CortexM3\ARM_GCC_541\Release\BCom0.3.a(UART_IntClock.o)
                                0x348 (size before relaxing)
 .debug_str     0x00000c49      0x80b .\CortexM3\ARM_GCC_541\Release\BCom0.3.a(CyLib.o)
                                0xa59 (size before relaxing)
 .debug_str     0x00001454      0x365 .\CortexM3\ARM_GCC_541\Release\BCom0.3.a(cyPm.o)
                                0x73e (size before relaxing)
 .debug_str     0x000017b9       0xd1 .\CortexM3\ARM_GCC_541\Release\BCom0.3.a(isr_rx.o)
                                0x2c6 (size before relaxing)
 .debug_str     0x0000188a       0x6a .\CortexM3\ARM_GCC_541\Release\BCom0.3.a(StatusLed.o)
                                0x208 (size before relaxing)
 .debug_str     0x000018f4       0x54 .\CortexM3\ARM_GCC_541\Release\BCom0.3.a(Button.o)
                                0x1f9 (size before relaxing)
 .debug_str     0x00001948       0xa4 .\CortexM3\ARM_GCC_541\Release\BCom0.3.a(BCom_1_BCom.o)
                                0x461 (size before relaxing)
 .debug_str     0x000019ec      0x31e .\CortexM3\ARM_GCC_541\Release\BCom0.3.a(StripLights.o)
                                0x73d (size before relaxing)
 .debug_str     0x00001d0a       0xee .\CortexM3\ARM_GCC_541\Release\BCom0.3.a(StripLights_fonts.o)
                                0x4e4 (size before relaxing)
 .debug_str     0x00001df8      0x167 .\CortexM3\ARM_GCC_541\Release\BCom0.3.a(StripLights_fisr.o)
                                0x352 (size before relaxing)
 .debug_str     0x00001f5f      0x167 .\CortexM3\ARM_GCC_541\Release\BCom0.3.a(StripLights_cisr.o)
                                0x352 (size before relaxing)
 .debug_str     0x000020c6      0x1b4 .\CortexM3\ARM_GCC_541\Release\BCom0.3.a(CyFlash.o)
                                0x3cb (size before relaxing)
 .debug_str     0x0000227a       0xac .\CortexM3\ARM_GCC_541\Release\BCom0.3.a(CySpc.o)
                                0x34a (size before relaxing)
 .debug_str     0x00002326       0x5a .\CortexM3\ARM_GCC_541\Release\BCom0.3.a(BCom_1_base64.o)
                                0x1f0 (size before relaxing)
 .debug_str     0x00002380       0x3a .\CortexM3\ARM_GCC_541\Release\BCom0.3.a(BCom_1_CRC16.o)
                                0x1e6 (size before relaxing)

.debug_loc      0x00000000     0x3c27
 *(.debug_loc)
 .debug_loc     0x00000000      0x157 .\CortexM3\ARM_GCC_541\Release\main.o
 .debug_loc     0x00000157       0xc0 .\CortexM3\ARM_GCC_541\Release\debug.o
 .debug_loc     0x00000217      0x419 .\CortexM3\ARM_GCC_541\Release\cyfitter_cfg.o
 .debug_loc     0x00000630      0x1af .\CortexM3\ARM_GCC_541\Release\Cm3Start.o
 .debug_loc     0x000007df      0x229 .\CortexM3\ARM_GCC_541\Release\BCom0.3.a(UART.o)
 .debug_loc     0x00000a08       0xa6 .\CortexM3\ARM_GCC_541\Release\BCom0.3.a(UART_IntClock.o)
 .debug_loc     0x00000aae      0xa20 .\CortexM3\ARM_GCC_541\Release\BCom0.3.a(CyLib.o)
 .debug_loc     0x000014ce      0x1d6 .\CortexM3\ARM_GCC_541\Release\BCom0.3.a(cyPm.o)
 .debug_loc     0x000016a4       0xf3 .\CortexM3\ARM_GCC_541\Release\BCom0.3.a(isr_rx.o)
 .debug_loc     0x00001797       0x5a .\CortexM3\ARM_GCC_541\Release\BCom0.3.a(StatusLed.o)
 .debug_loc     0x000017f1       0x5a .\CortexM3\ARM_GCC_541\Release\BCom0.3.a(Button.o)
 .debug_loc     0x0000184b      0x215 .\CortexM3\ARM_GCC_541\Release\BCom0.3.a(BCom_1_BCom.o)
 .debug_loc     0x00001a60      0xd3d .\CortexM3\ARM_GCC_541\Release\BCom0.3.a(StripLights.o)
 .debug_loc     0x0000279d      0x31c .\CortexM3\ARM_GCC_541\Release\BCom0.3.a(StripLights_fonts.o)
 .debug_loc     0x00002ab9       0xf3 .\CortexM3\ARM_GCC_541\Release\BCom0.3.a(StripLights_fisr.o)
 .debug_loc     0x00002bac       0xf3 .\CortexM3\ARM_GCC_541\Release\BCom0.3.a(StripLights_cisr.o)
 .debug_loc     0x00002c9f      0x4b7 .\CortexM3\ARM_GCC_541\Release\BCom0.3.a(CyFlash.o)
 .debug_loc     0x00003156      0x699 .\CortexM3\ARM_GCC_541\Release\BCom0.3.a(CySpc.o)
 .debug_loc     0x000037ef      0x344 .\CortexM3\ARM_GCC_541\Release\BCom0.3.a(BCom_1_base64.o)
 .debug_loc     0x00003b33       0xf4 .\CortexM3\ARM_GCC_541\Release\BCom0.3.a(BCom_1_CRC16.o)

.debug_macinfo
 *(.debug_macinfo)

.debug_ranges   0x00000000      0xb68
 *(.debug_ranges)
 .debug_ranges  0x00000000       0x70 .\CortexM3\ARM_GCC_541\Release\main.o
 .debug_ranges  0x00000070       0x10 .\CortexM3\ARM_GCC_541\Release\debug.o
 .debug_ranges  0x00000080       0xf8 .\CortexM3\ARM_GCC_541\Release\cyfitter_cfg.o
 .debug_ranges  0x00000178       0x50 .\CortexM3\ARM_GCC_541\Release\Cm3Start.o
 .debug_ranges  0x000001c8      0x118 .\CortexM3\ARM_GCC_541\Release\BCom0.3.a(UART.o)
 .debug_ranges  0x000002e0       0xb8 .\CortexM3\ARM_GCC_541\Release\BCom0.3.a(UART_IntClock.o)
 .debug_ranges  0x00000398      0x2b8 .\CortexM3\ARM_GCC_541\Release\BCom0.3.a(CyLib.o)
 .debug_ranges  0x00000650       0x90 .\CortexM3\ARM_GCC_541\Release\BCom0.3.a(cyPm.o)
 .debug_ranges  0x000006e0       0xa0 .\CortexM3\ARM_GCC_541\Release\BCom0.3.a(isr_rx.o)
 .debug_ranges  0x00000780       0x28 .\CortexM3\ARM_GCC_541\Release\BCom0.3.a(StatusLed.o)
 .debug_ranges  0x000007a8       0x28 .\CortexM3\ARM_GCC_541\Release\BCom0.3.a(Button.o)
 .debug_ranges  0x000007d0       0x20 .\CortexM3\ARM_GCC_541\Release\BCom0.3.a(BCom_1_BCom.o)
 .debug_ranges  0x000007f0       0xc8 .\CortexM3\ARM_GCC_541\Release\BCom0.3.a(StripLights.o)
 .debug_ranges  0x000008b8       0x20 .\CortexM3\ARM_GCC_541\Release\BCom0.3.a(StripLights_fonts.o)
 .debug_ranges  0x000008d8       0xa0 .\CortexM3\ARM_GCC_541\Release\BCom0.3.a(StripLights_fisr.o)
 .debug_ranges  0x00000978       0xa0 .\CortexM3\ARM_GCC_541\Release\BCom0.3.a(StripLights_cisr.o)
 .debug_ranges  0x00000a18       0x88 .\CortexM3\ARM_GCC_541\Release\BCom0.3.a(CyFlash.o)
 .debug_ranges  0x00000aa0       0x70 .\CortexM3\ARM_GCC_541\Release\BCom0.3.a(CySpc.o)
 .debug_ranges  0x00000b10       0x48 .\CortexM3\ARM_GCC_541\Release\BCom0.3.a(BCom_1_base64.o)
 .debug_ranges  0x00000b58       0x10 .\CortexM3\ARM_GCC_541\Release\BCom0.3.a(BCom_1_CRC16.o)

.comment        0x00000000       0x6e
 .comment       0x00000000       0x6e .\CortexM3\ARM_GCC_541\Release\main.o
                                 0x6f (size before relaxing)
 .comment       0x0000006e       0x6f .\CortexM3\ARM_GCC_541\Release\debug.o
 .comment       0x0000006e       0x6f .\CortexM3\ARM_GCC_541\Release\cyfitter_cfg.o
 .comment       0x0000006e       0x6f .\CortexM3\ARM_GCC_541\Release\cymetadata.o
 .comment       0x0000006e       0x6f .\CortexM3\ARM_GCC_541\Release\Cm3Start.o
 .comment       0x0000006e       0x6f .\CortexM3\ARM_GCC_541\Release\BCom0.3.a(UART.o)
 .comment       0x0000006e       0x6f .\CortexM3\ARM_GCC_541\Release\BCom0.3.a(UART_IntClock.o)
 .comment       0x0000006e       0x6f .\CortexM3\ARM_GCC_541\Release\BCom0.3.a(CyLib.o)
 .comment       0x0000006e       0x6f .\CortexM3\ARM_GCC_541\Release\BCom0.3.a(cyPm.o)
 .comment       0x0000006e       0x6f .\CortexM3\ARM_GCC_541\Release\BCom0.3.a(isr_rx.o)
 .comment       0x0000006e       0x6f .\CortexM3\ARM_GCC_541\Release\BCom0.3.a(StatusLed.o)
 .comment       0x0000006e       0x6f .\CortexM3\ARM_GCC_541\Release\BCom0.3.a(Button.o)
 .comment       0x0000006e       0x6f .\CortexM3\ARM_GCC_541\Release\BCom0.3.a(BCom_1_BCom.o)
 .comment       0x0000006e       0x6f .\CortexM3\ARM_GCC_541\Release\BCom0.3.a(StripLights.o)
 .comment       0x0000006e       0x6f .\CortexM3\ARM_GCC_541\Release\BCom0.3.a(StripLights_fonts.o)
 .comment       0x0000006e       0x6f .\CortexM3\ARM_GCC_541\Release\BCom0.3.a(StripLights_fisr.o)
 .comment       0x0000006e       0x6f .\CortexM3\ARM_GCC_541\Release\BCom0.3.a(StripLights_cisr.o)
 .comment       0x0000006e       0x6f .\CortexM3\ARM_GCC_541\Release\BCom0.3.a(CyFlash.o)
 .comment       0x0000006e       0x6f .\CortexM3\ARM_GCC_541\Release\BCom0.3.a(CySpc.o)
 .comment       0x0000006e       0x6f .\CortexM3\ARM_GCC_541\Release\BCom0.3.a(BCom_1_base64.o)
 .comment       0x0000006e       0x6f .\CortexM3\ARM_GCC_541\Release\BCom0.3.a(BCom_1_CRC16.o)

.debug_weaknames
 *(.debug_weaknames)

.debug_funcnames
 *(.debug_funcnames)

.debug_typenames
 *(.debug_typenames)

.debug_varnames
 *(.debug_varnames)

.note.gnu.arm.ident
 *(.note.gnu.arm.ident)

.ARM.attributes
                0x00000000       0x29
 *(.ARM.attributes)
 .ARM.attributes
                0x00000000       0x1d c:/program files (x86)/cypress/psoc creator/4.2/psoc creator/import/gnu/arm/5.4.1/bin/../lib/gcc/arm-none-eabi/5.4.1/armv7-m/crti.o
 .ARM.attributes
                0x0000001d       0x2d c:/program files (x86)/cypress/psoc creator/4.2/psoc creator/import/gnu/arm/5.4.1/bin/../lib/gcc/arm-none-eabi/5.4.1/armv7-m/crtbegin.o
 .ARM.attributes
                0x0000004a       0x1b c:/program files (x86)/cypress/psoc creator/4.2/psoc creator/import/gnu/arm/5.4.1/bin/../lib/gcc/arm-none-eabi/5.4.1/../../../../arm-none-eabi/lib/armv7-m/crt0.o
 .ARM.attributes
                0x00000065       0x33 .\CortexM3\ARM_GCC_541\Release\main.o
 .ARM.attributes
                0x00000098       0x33 .\CortexM3\ARM_GCC_541\Release\debug.o
 .ARM.attributes
                0x000000cb       0x33 .\CortexM3\ARM_GCC_541\Release\cyfitter_cfg.o
 .ARM.attributes
                0x000000fe       0x33 .\CortexM3\ARM_GCC_541\Release\cymetadata.o
 .ARM.attributes
                0x00000131       0x33 .\CortexM3\ARM_GCC_541\Release\Cm3Start.o
 .ARM.attributes
                0x00000164       0x33 .\CortexM3\ARM_GCC_541\Release\BCom0.3.a(UART.o)
 .ARM.attributes
                0x00000197       0x33 .\CortexM3\ARM_GCC_541\Release\BCom0.3.a(UART_IntClock.o)
 .ARM.attributes
                0x000001ca       0x33 .\CortexM3\ARM_GCC_541\Release\BCom0.3.a(CyLib.o)
 .ARM.attributes
                0x000001fd       0x33 .\CortexM3\ARM_GCC_541\Release\BCom0.3.a(cyPm.o)
 .ARM.attributes
                0x00000230       0x33 .\CortexM3\ARM_GCC_541\Release\BCom0.3.a(isr_rx.o)
 .ARM.attributes
                0x00000263       0x33 .\CortexM3\ARM_GCC_541\Release\BCom0.3.a(StatusLed.o)
 .ARM.attributes
                0x00000296       0x33 .\CortexM3\ARM_GCC_541\Release\BCom0.3.a(Button.o)
 .ARM.attributes
                0x000002c9       0x33 .\CortexM3\ARM_GCC_541\Release\BCom0.3.a(BCom_1_BCom.o)
 .ARM.attributes
                0x000002fc       0x33 .\CortexM3\ARM_GCC_541\Release\BCom0.3.a(StripLights.o)
 .ARM.attributes
                0x0000032f       0x33 .\CortexM3\ARM_GCC_541\Release\BCom0.3.a(StripLights_fonts.o)
 .ARM.attributes
                0x00000362       0x33 .\CortexM3\ARM_GCC_541\Release\BCom0.3.a(StripLights_fisr.o)
 .ARM.attributes
                0x00000395       0x33 .\CortexM3\ARM_GCC_541\Release\BCom0.3.a(StripLights_cisr.o)
 .ARM.attributes
                0x000003c8       0x21 .\CortexM3\ARM_GCC_541\Release\BCom0.3.a(CyBootAsmGnu.o)
 .ARM.attributes
                0x000003e9       0x33 .\CortexM3\ARM_GCC_541\Release\BCom0.3.a(CyFlash.o)
 .ARM.attributes
                0x0000041c       0x33 .\CortexM3\ARM_GCC_541\Release\BCom0.3.a(CySpc.o)
 .ARM.attributes
                0x0000044f       0x33 .\CortexM3\ARM_GCC_541\Release\BCom0.3.a(BCom_1_base64.o)
 .ARM.attributes
                0x00000482       0x33 .\CortexM3\ARM_GCC_541\Release\BCom0.3.a(BCom_1_CRC16.o)
 .ARM.attributes
                0x000004b5       0x1d c:/program files (x86)/cypress/psoc creator/4.2/psoc creator/import/gnu/arm/5.4.1/bin/../lib/gcc/arm-none-eabi/5.4.1/armv7-m\libgcc.a(_arm_addsubdf3.o)
 .ARM.attributes
                0x000004d2       0x1d c:/program files (x86)/cypress/psoc creator/4.2/psoc creator/import/gnu/arm/5.4.1/bin/../lib/gcc/arm-none-eabi/5.4.1/armv7-m\libgcc.a(_arm_addsubsf3.o)
 .ARM.attributes
                0x000004ef       0x1d c:/program files (x86)/cypress/psoc creator/4.2/psoc creator/import/gnu/arm/5.4.1/bin/../lib/gcc/arm-none-eabi/5.4.1/armv7-m\libgcc.a(_arm_muldivsf3.o)
 .ARM.attributes
                0x0000050c       0x1d c:/program files (x86)/cypress/psoc creator/4.2/psoc creator/import/gnu/arm/5.4.1/bin/../lib/gcc/arm-none-eabi/5.4.1/armv7-m\libgcc.a(_arm_cmpsf2.o)
 .ARM.attributes
                0x00000529       0x1d c:/program files (x86)/cypress/psoc creator/4.2/psoc creator/import/gnu/arm/5.4.1/bin/../lib/gcc/arm-none-eabi/5.4.1/armv7-m\libgcc.a(_arm_fixsfsi.o)
 .ARM.attributes
                0x00000546       0x2d c:/program files (x86)/cypress/psoc creator/4.2/psoc creator/import/gnu/arm/5.4.1/bin/../lib/gcc/arm-none-eabi/5.4.1/../../../../arm-none-eabi/lib/armv7-m\libg_nano.a(lib_a-errno.o)
 .ARM.attributes
                0x00000573       0x2d c:/program files (x86)/cypress/psoc creator/4.2/psoc creator/import/gnu/arm/5.4.1/bin/../lib/gcc/arm-none-eabi/5.4.1/../../../../arm-none-eabi/lib/armv7-m\libg_nano.a(lib_a-exit.o)
 .ARM.attributes
                0x000005a0       0x2d c:/program files (x86)/cypress/psoc creator/4.2/psoc creator/import/gnu/arm/5.4.1/bin/../lib/gcc/arm-none-eabi/5.4.1/../../../../arm-none-eabi/lib/armv7-m\libg_nano.a(lib_a-impure.o)
 .ARM.attributes
                0x000005cd       0x2d c:/program files (x86)/cypress/psoc creator/4.2/psoc creator/import/gnu/arm/5.4.1/bin/../lib/gcc/arm-none-eabi/5.4.1/../../../../arm-none-eabi/lib/armv7-m\libg_nano.a(lib_a-init.o)
 .ARM.attributes
                0x000005fa       0x2d c:/program files (x86)/cypress/psoc creator/4.2/psoc creator/import/gnu/arm/5.4.1/bin/../lib/gcc/arm-none-eabi/5.4.1/../../../../arm-none-eabi/lib/armv7-m\libg_nano.a(lib_a-memcpy-stub.o)
 .ARM.attributes
                0x00000627       0x2d c:/program files (x86)/cypress/psoc creator/4.2/psoc creator/import/gnu/arm/5.4.1/bin/../lib/gcc/arm-none-eabi/5.4.1/../../../../arm-none-eabi/lib/armv7-m\libg_nano.a(lib_a-memset.o)
 .ARM.attributes
                0x00000654       0x2d c:/program files (x86)/cypress/psoc creator/4.2/psoc creator/import/gnu/arm/5.4.1/bin/../lib/gcc/arm-none-eabi/5.4.1/../../../../arm-none-eabi/lib/armv7-m\libg_nano.a(lib_a-nano-vfprintf_float.o)
 .ARM.attributes
                0x00000681       0x2d c:/program files (x86)/cypress/psoc creator/4.2/psoc creator/import/gnu/arm/5.4.1/bin/../lib/gcc/arm-none-eabi/5.4.1/../../../../arm-none-eabi/lib/armv7-m\libg_nano.a(lib_a-nano-vfprintf_i.o)
 .ARM.attributes
                0x000006ae       0x17 c:/program files (x86)/cypress/psoc creator/4.2/psoc creator/import/gnu/arm/5.4.1/bin/../lib/gcc/arm-none-eabi/5.4.1/../../../../arm-none-eabi/lib/armv7-m\libg_nano.a(lib_a-strlen.o)
 .ARM.attributes
                0x000006c5       0x2d c:/program files (x86)/cypress/psoc creator/4.2/psoc creator/import/gnu/arm/5.4.1/bin/../lib/gcc/arm-none-eabi/5.4.1/../../../../arm-none-eabi/lib/armv7-m\libg_nano.a(lib_a-dtoa.o)
 .ARM.attributes
                0x000006f2       0x2d c:/program files (x86)/cypress/psoc creator/4.2/psoc creator/import/gnu/arm/5.4.1/bin/../lib/gcc/arm-none-eabi/5.4.1/../../../../arm-none-eabi/lib/armv7-m\libg_nano.a(lib_a-locale.o)
 .ARM.attributes
                0x0000071f       0x2d c:/program files (x86)/cypress/psoc creator/4.2/psoc creator/import/gnu/arm/5.4.1/bin/../lib/gcc/arm-none-eabi/5.4.1/../../../../arm-none-eabi/lib/armv7-m\libg_nano.a(lib_a-malloc.o)
 .ARM.attributes
                0x0000074c       0x2d c:/program files (x86)/cypress/psoc creator/4.2/psoc creator/import/gnu/arm/5.4.1/bin/../lib/gcc/arm-none-eabi/5.4.1/../../../../arm-none-eabi/lib/armv7-m\libg_nano.a(lib_a-memchr-stub.o)
 .ARM.attributes
                0x00000779       0x2d c:/program files (x86)/cypress/psoc creator/4.2/psoc creator/import/gnu/arm/5.4.1/bin/../lib/gcc/arm-none-eabi/5.4.1/../../../../arm-none-eabi/lib/armv7-m\libg_nano.a(lib_a-mprec.o)
 .ARM.attributes
                0x000007a6       0x2d c:/program files (x86)/cypress/psoc creator/4.2/psoc creator/import/gnu/arm/5.4.1/bin/../lib/gcc/arm-none-eabi/5.4.1/../../../../arm-none-eabi/lib/armv7-m\libg_nano.a(lib_a-nano-callocr.o)
 .ARM.attributes
                0x000007d3       0x2d c:/program files (x86)/cypress/psoc creator/4.2/psoc creator/import/gnu/arm/5.4.1/bin/../lib/gcc/arm-none-eabi/5.4.1/../../../../arm-none-eabi/lib/armv7-m\libg_nano.a(lib_a-nano-freer.o)
 .ARM.attributes
                0x00000800       0x2d c:/program files (x86)/cypress/psoc creator/4.2/psoc creator/import/gnu/arm/5.4.1/bin/../lib/gcc/arm-none-eabi/5.4.1/../../../../arm-none-eabi/lib/armv7-m\libg_nano.a(lib_a-nano-mallocr.o)
 .ARM.attributes
                0x0000082d       0x2d c:/program files (x86)/cypress/psoc creator/4.2/psoc creator/import/gnu/arm/5.4.1/bin/../lib/gcc/arm-none-eabi/5.4.1/../../../../arm-none-eabi/lib/armv7-m\libg_nano.a(lib_a-sbrkr.o)
 .ARM.attributes
                0x0000085a       0x1b c:/program files (x86)/cypress/psoc creator/4.2/psoc creator/import/gnu/arm/5.4.1/bin/../lib/gcc/arm-none-eabi/5.4.1/../../../../arm-none-eabi/lib/armv7-m\libg_nano.a(lib_a-strcmp.o)
 .ARM.attributes
                0x00000875       0x2d c:/program files (x86)/cypress/psoc creator/4.2/psoc creator/import/gnu/arm/5.4.1/bin/../lib/gcc/arm-none-eabi/5.4.1/../../../../arm-none-eabi/lib/armv7-m\libg_nano.a(lib_a-mlock.o)
 .ARM.attributes
                0x000008a2       0x2d c:/program files (x86)/cypress/psoc creator/4.2/psoc creator/import/gnu/arm/5.4.1/bin/../lib/gcc/arm-none-eabi/5.4.1/../../../../arm-none-eabi/lib/armv7-m\libg_nano.a(lib_a-reent.o)
 .ARM.attributes
                0x000008cf       0x1d c:/program files (x86)/cypress/psoc creator/4.2/psoc creator/import/gnu/arm/5.4.1/bin/../lib/gcc/arm-none-eabi/5.4.1/armv7-m\libgcc.a(_arm_muldivdf3.o)
 .ARM.attributes
                0x000008ec       0x1d c:/program files (x86)/cypress/psoc creator/4.2/psoc creator/import/gnu/arm/5.4.1/bin/../lib/gcc/arm-none-eabi/5.4.1/armv7-m\libgcc.a(_arm_cmpdf2.o)
 .ARM.attributes
                0x00000909       0x1d c:/program files (x86)/cypress/psoc creator/4.2/psoc creator/import/gnu/arm/5.4.1/bin/../lib/gcc/arm-none-eabi/5.4.1/armv7-m\libgcc.a(_arm_unorddf2.o)
 .ARM.attributes
                0x00000926       0x1d c:/program files (x86)/cypress/psoc creator/4.2/psoc creator/import/gnu/arm/5.4.1/bin/../lib/gcc/arm-none-eabi/5.4.1/armv7-m\libgcc.a(_arm_fixdfsi.o)
 .ARM.attributes
                0x00000943       0x2d c:/program files (x86)/cypress/psoc creator/4.2/psoc creator/import/gnu/arm/5.4.1/bin/../lib/gcc/arm-none-eabi/5.4.1/armv7-m/crtend.o
 .ARM.attributes
                0x00000970       0x1d c:/program files (x86)/cypress/psoc creator/4.2/psoc creator/import/gnu/arm/5.4.1/bin/../lib/gcc/arm-none-eabi/5.4.1/armv7-m/crtn.o

/DISCARD/
 *(.note.GNU-stack)
OUTPUT(C:\Users\matij\source\Workspaces\Embedded\PSoC\Libraries\Ontwikkeling\BCom0.3.cydsn\CortexM3\ARM_GCC_541\Release\BCom0.3.elf elf32-littlearm)
